[INFO] Scanning for projects...
[INFO] 
[INFO] ------------------------< com.jpmc:midas-core >-------------------------
[INFO] Building midas-core 1.0.0
[INFO]   from pom.xml
[INFO] --------------------------------[ jar ]---------------------------------
[INFO] 
[INFO] --- resources:3.3.1:resources (default-resources) @ midas-core ---
[INFO] Copying 1 resource from src\main\resources to target\classes
[INFO] Copying 0 resource from src\main\resources to target\classes
[INFO] 
[INFO] --- compiler:3.11.0:compile (default-compile) @ midas-core ---
[INFO] Nothing to compile - all classes are up to date
[INFO] 
[INFO] --- resources:3.3.1:testResources (default-testResources) @ midas-core ---
[INFO] Copying 6 resources from src\test\resources to target\test-classes
[INFO] 
[INFO] --- compiler:3.11.0:testCompile (default-testCompile) @ midas-core ---
[INFO] Nothing to compile - all classes are up to date
[INFO] 
[INFO] --- surefire:3.1.2:test (default-test) @ midas-core ---
[INFO] Using auto detected provider org.apache.maven.surefire.junitplatform.JUnitPlatformProvider
[INFO] 
[INFO] -------------------------------------------------------
[INFO]  T E S T S
[INFO] -------------------------------------------------------
[INFO] Running com.jpmc.midascore.TaskTwoTests
23:01:48.518 [main] INFO org.springframework.test.context.support.AnnotationConfigContextLoaderUtils -- Could not detect default configuration classes for test class [com.jpmc.midascore.TaskTwoTests]: TaskTwoTests does not declare any static, non-private, non-final, nested classes annotated with @Configuration.
23:01:48.648 [main] INFO org.springframework.boot.test.context.SpringBootTestContextBootstrapper -- Found @SpringBootConfiguration com.jpmc.midascore.MidasCoreApplication for test class com.jpmc.midascore.TaskTwoTests

  .   ____          _            __ _ _
 /\\ / ___'_ __ _ _(_)_ __  __ _ \ \ \ \
( ( )\___ | '_ | '_| | '_ \/ _` | \ \ \ \
 \\/  ___)| |_)| | | | | || (_| |  ) ) ) )
  '  |____| .__|_| |_|_| |_\__, | / / / /
 =========|_|==============|___/=/_/_/_/
 :: Spring Boot ::                (v3.2.5)

2025-09-17T23:01:49.996+05:30  INFO 40888 --- [midas-core] [           main] k.utils.Log4jControllerRegistration$     : Registered kafka:type=kafka.Log4jController MBean
2025-09-17T23:01:50.031+05:30  INFO 40888 --- [midas-core] [           main] org.apache.zookeeper.common.X509Util     : Setting -D jdk.tls.rejectClientInitiatedRenegotiation=true to disable client-initiated TLS renegotiation
2025-09-17T23:01:50.229+05:30  INFO 40888 --- [midas-core] [-kit-executor-1] kafka.server.ControllerServer            : Formatting C:\Users\deeph\AppData\Local\Temp\kafka-6224219049613720715\controller_0 with metadata.version 3.3-IV0.
2025-09-17T23:01:50.233+05:30  INFO 40888 --- [midas-core] [-kit-executor-3] kafka.server.BrokerServer                : [BrokerServer id=0] Transition from SHUTDOWN to STARTING
2025-09-17T23:01:50.233+05:30  INFO 40888 --- [midas-core] [-kit-executor-2] kafka.server.ControllerServer            : [ControllerServer id=0] Starting controller
2025-09-17T23:01:50.233+05:30  INFO 40888 --- [midas-core] [-kit-executor-3] kafka.server.SharedServer                : [SharedServer id=0] Starting SharedServer
2025-09-17T23:01:50.374+05:30  INFO 40888 --- [midas-core] [-kit-executor-3] kafka.log.UnifiedLog$                    : [LogLoader partition=__cluster_metadata-0, dir=C:\Users\deeph\AppData\Local\Temp\kafka-6224219049613720715\controller_0] Loading producer state till offset 0 with message format version 2
2025-09-17T23:01:50.375+05:30  INFO 40888 --- [midas-core] [-kit-executor-3] kafka.log.UnifiedLog$                    : [LogLoader partition=__cluster_metadata-0, dir=C:\Users\deeph\AppData\Local\Temp\kafka-6224219049613720715\controller_0] Reloading from producer snapshot and rebuilding producer state from offset 0
2025-09-17T23:01:50.375+05:30  INFO 40888 --- [midas-core] [-kit-executor-3] kafka.log.UnifiedLog$                    : [LogLoader partition=__cluster_metadata-0, dir=C:\Users\deeph\AppData\Local\Temp\kafka-6224219049613720715\controller_0] Producer state recovery took 0ms for snapshot load and 0ms for segment recovery from offset 0
2025-09-17T23:01:50.437+05:30  INFO 40888 --- [midas-core] [-kit-executor-3] kafka.raft.KafkaMetadataLog$             : Initialized snapshots with IDs SortedSet() from C:\Users\deeph\AppData\Local\Temp\kafka-6224219049613720715\controller_0\__cluster_metadata-0
2025-09-17T23:01:50.493+05:30  INFO 40888 --- [midas-core] [piration-reaper] ExpirationService$ExpiredOperationReaper : [raft-expiration-reaper]: Starting
2025-09-17T23:01:50.729+05:30  INFO 40888 --- [midas-core] [-kit-executor-2] kafka.network.ConnectionQuotas           : Updated connection-accept-rate max connection creation rate to 2147483647
2025-09-17T23:01:50.744+05:30  INFO 40888 --- [midas-core] [-kit-executor-2] kafka.network.DataPlaneAcceptor          : Awaiting socket connections on localhost:58011.
2025-09-17T23:01:50.747+05:30  INFO 40888 --- [midas-core] [-kit-executor-2] kafka.network.DataPlaneAcceptor          : Opened wildcard endpoint localhost:58011
2025-09-17T23:01:50.765+05:30  INFO 40888 --- [midas-core] [-kit-executor-2] kafka.network.SocketServer               : [SocketServer listenerType=CONTROLLER, nodeId=0] Created data-plane acceptor and processors for endpoint : ListenerName(CONTROLLER)
2025-09-17T23:01:50.773+05:30  INFO 40888 --- [midas-core] [-raft-io-thread] k.raft.KafkaRaftManager$RaftIoThread     : [kafka-0-raft-io-thread]: Starting
2025-09-17T23:01:50.773+05:30  INFO 40888 --- [midas-core] [-request-thread] kafka.raft.RaftSendThread                : [kafka-0-raft-outbound-request-thread]: Starting
2025-09-17T23:01:50.807+05:30  INFO 40888 --- [midas-core] [-kit-executor-3] kafka.server.BrokerServer                : [BrokerServer id=0] Starting broker
2025-09-17T23:01:50.807+05:30  INFO 40888 --- [midas-core] [-kit-executor-2] kafka.server.ControllerServer            : [ControllerServer id=0] Waiting for controller quorum voters future
2025-09-17T23:01:50.807+05:30  INFO 40888 --- [midas-core] [-kit-executor-2] kafka.server.ControllerServer            : [ControllerServer id=0] Finished waiting for controller quorum voters future
2025-09-17T23:01:50.834+05:30  INFO 40888 --- [midas-core] [nelReaper-Fetch] lientQuotaManager$ThrottledChannelReaper : [broker-0-ThrottledChannelReaper-Fetch]: Starting
2025-09-17T23:01:50.840+05:30  INFO 40888 --- [midas-core] [lReaper-Produce] lientQuotaManager$ThrottledChannelReaper : [broker-0-ThrottledChannelReaper-Produce]: Starting
2025-09-17T23:01:50.841+05:30  INFO 40888 --- [midas-core] [lReaper-Request] lientQuotaManager$ThrottledChannelReaper : [broker-0-ThrottledChannelReaper-Request]: Starting
2025-09-17T23:01:50.845+05:30  INFO 40888 --- [midas-core] [trollerMutation] lientQuotaManager$ThrottledChannelReaper : [broker-0-ThrottledChannelReaper-ControllerMutation]: Starting
2025-09-17T23:01:50.862+05:30  INFO 40888 --- [midas-core] [-kit-executor-3] kafka.log.LogManager                     : Log directory C:\Users\deeph\AppData\Local\Temp\kafka-6224219049613720715\broker_0_data0 not found, creating it.
2025-09-17T23:01:50.865+05:30  INFO 40888 --- [midas-core] [nelReaper-Fetch] lientQuotaManager$ThrottledChannelReaper : [controller-0-ThrottledChannelReaper-Fetch]: Starting
2025-09-17T23:01:50.865+05:30  INFO 40888 --- [midas-core] [lReaper-Produce] lientQuotaManager$ThrottledChannelReaper : [controller-0-ThrottledChannelReaper-Produce]: Starting
2025-09-17T23:01:50.866+05:30  INFO 40888 --- [midas-core] [lReaper-Request] lientQuotaManager$ThrottledChannelReaper : [controller-0-ThrottledChannelReaper-Request]: Starting
2025-09-17T23:01:50.866+05:30  INFO 40888 --- [midas-core] [trollerMutation] lientQuotaManager$ThrottledChannelReaper : [controller-0-ThrottledChannelReaper-ControllerMutation]: Starting
2025-09-17T23:01:50.872+05:30  INFO 40888 --- [midas-core] [-kit-executor-3] kafka.server.BrokerServer                : [BrokerServer id=0] Waiting for controller quorum voters future
2025-09-17T23:01:50.872+05:30  INFO 40888 --- [midas-core] [-kit-executor-3] kafka.server.BrokerServer                : [BrokerServer id=0] Finished waiting for controller quorum voters future
2025-09-17T23:01:50.874+05:30  WARN 40888 --- [midas-core] [0-event-handler] o.a.kafka.controller.QuorumController    : [QuorumController id=0] Performing controller activation. The metadata log appears to be empty. Appending 1 bootstrap record(s) in metadata transaction at metadata.version 3.6-IV2 from bootstrap source 'testkit'. Setting the ZK migration state to NONE since this is a de-novo KRaft cluster.
2025-09-17T23:01:50.883+05:30  INFO 40888 --- [midas-core] [channel-manager] k.s.BrokerToControllerRequestThread      : [broker-0-to-controller-forwarding-channel-manager]: Starting
2025-09-17T23:01:50.885+05:30  INFO 40888 --- [midas-core] [channel-manager] k.s.BrokerToControllerRequestThread      : [broker-0-to-controller-forwarding-channel-manager]: Recorded new controller, from now on will use node localhost:58011 (id: 0 rack: null)
2025-09-17T23:01:50.888+05:30  INFO 40888 --- [midas-core] [per-0-AlterAcls] perationPurgatory$ExpiredOperationReaper : [ExpirationReaper-0-AlterAcls]: Starting
2025-09-17T23:01:50.924+05:30  INFO 40888 --- [midas-core] [-kit-executor-3] kafka.network.ConnectionQuotas           : Updated connection-accept-rate max connection creation rate to 2147483647
2025-09-17T23:01:50.926+05:30  INFO 40888 --- [midas-core] [-kit-executor-3] kafka.network.DataPlaneAcceptor          : Awaiting socket connections on localhost:58012.
2025-09-17T23:01:50.926+05:30  INFO 40888 --- [midas-core] [-kit-executor-3] kafka.network.DataPlaneAcceptor          : Opened wildcard endpoint localhost:58012
2025-09-17T23:01:50.926+05:30  INFO 40888 --- [midas-core] [-kit-executor-3] kafka.network.SocketServer               : [SocketServer listenerType=BROKER, nodeId=0] Created data-plane acceptor and processors for endpoint : ListenerName(EXTERNAL)
2025-09-17T23:01:50.954+05:30  INFO 40888 --- [midas-core] [channel-manager] k.s.BrokerToControllerRequestThread      : [broker-0-to-controller-alter-partition-channel-manager]: Starting
2025-09-17T23:01:50.954+05:30  INFO 40888 --- [midas-core] [channel-manager] k.s.BrokerToControllerRequestThread      : [broker-0-to-controller-alter-partition-channel-manager]: Recorded new controller, from now on will use node localhost:58011 (id: 0 rack: null)
2025-09-17T23:01:50.964+05:30  INFO 40888 --- [midas-core] [-kit-executor-2] kafka.server.ControllerServer            : [ControllerServer id=0] Waiting for the controller metadata publishers to be installed
2025-09-17T23:01:50.964+05:30  INFO 40888 --- [midas-core] [-kit-executor-2] kafka.server.ControllerServer            : [ControllerServer id=0] Finished waiting for the controller metadata publishers to be installed
2025-09-17T23:01:50.965+05:30  INFO 40888 --- [midas-core] [-kit-executor-2] kafka.network.SocketServer               : [SocketServer listenerType=CONTROLLER, nodeId=0] Enabling request processing.
2025-09-17T23:01:50.978+05:30  INFO 40888 --- [midas-core] [-kit-executor-2] kafka.server.ControllerServer            : [ControllerServer id=0] Waiting for all of the authorizer futures to be completed
2025-09-17T23:01:50.978+05:30  INFO 40888 --- [midas-core] [-kit-executor-2] kafka.server.ControllerServer            : [ControllerServer id=0] Finished waiting for all of the authorizer futures to be completed
2025-09-17T23:01:50.978+05:30  INFO 40888 --- [midas-core] [-kit-executor-2] kafka.server.ControllerServer            : [ControllerServer id=0] Waiting for all of the SocketServer Acceptors to be started
2025-09-17T23:01:50.979+05:30  INFO 40888 --- [midas-core] [-kit-executor-2] kafka.server.ControllerServer            : [ControllerServer id=0] Finished waiting for all of the SocketServer Acceptors to be started
2025-09-17T23:01:51.022+05:30  INFO 40888 --- [midas-core] [eaper-0-Produce] perationPurgatory$ExpiredOperationReaper : [ExpirationReaper-0-Produce]: Starting
2025-09-17T23:01:51.022+05:30  INFO 40888 --- [midas-core] [nReaper-0-Fetch] perationPurgatory$ExpiredOperationReaper : [ExpirationReaper-0-Fetch]: Starting
2025-09-17T23:01:51.026+05:30  INFO 40888 --- [midas-core] [0-DeleteRecords] perationPurgatory$ExpiredOperationReaper : [ExpirationReaper-0-DeleteRecords]: Starting
2025-09-17T23:01:51.026+05:30  INFO 40888 --- [midas-core] [r-0-ElectLeader] perationPurgatory$ExpiredOperationReaper : [ExpirationReaper-0-ElectLeader]: Starting
2025-09-17T23:01:51.026+05:30  INFO 40888 --- [midas-core] [r-0-RemoteFetch] perationPurgatory$ExpiredOperationReaper : [ExpirationReaper-0-RemoteFetch]: Starting
2025-09-17T23:01:51.058+05:30  INFO 40888 --- [midas-core] [per-0-Heartbeat] perationPurgatory$ExpiredOperationReaper : [ExpirationReaper-0-Heartbeat]: Starting
2025-09-17T23:01:51.058+05:30  INFO 40888 --- [midas-core] [per-0-Rebalance] perationPurgatory$ExpiredOperationReaper : [ExpirationReaper-0-Rebalance]: Starting
2025-09-17T23:01:51.105+05:30  INFO 40888 --- [midas-core] [channel-manager] k.s.BrokerToControllerRequestThread      : [broker-0-to-controller-heartbeat-channel-manager]: Starting
2025-09-17T23:01:51.105+05:30  INFO 40888 --- [midas-core] [channel-manager] k.s.BrokerToControllerRequestThread      : [broker-0-to-controller-heartbeat-channel-manager]: Recorded new controller, from now on will use node localhost:58011 (id: 0 rack: null)
2025-09-17T23:01:51.114+05:30  INFO 40888 --- [midas-core] [r-event-handler] kafka.server.BrokerLifecycleManager      : [BrokerLifecycleManager id=0] Incarnation iAYKneohQ1yzpEauKpFZsA of broker 0 in cluster UbS0QbF-Rtm1ZaPLMe65pw is now STARTING.
2025-09-17T23:01:51.140+05:30  INFO 40888 --- [midas-core] [per-0-AlterAcls] perationPurgatory$ExpiredOperationReaper : [ExpirationReaper-0-AlterAcls]: Starting
2025-09-17T23:01:51.168+05:30  INFO 40888 --- [midas-core] [-kit-executor-3] kafka.server.BrokerServer                : [BrokerServer id=0] Waiting for the broker metadata publishers to be installed
2025-09-17T23:01:51.168+05:30  INFO 40888 --- [midas-core] [-kit-executor-3] kafka.server.BrokerServer                : [BrokerServer id=0] Finished waiting for the broker metadata publishers to be installed
2025-09-17T23:01:51.168+05:30  INFO 40888 --- [midas-core] [-kit-executor-3] kafka.server.BrokerServer                : [BrokerServer id=0] Waiting for the controller to acknowledge that we are caught up
2025-09-17T23:01:51.168+05:30  INFO 40888 --- [midas-core] [r-event-handler] k.s.metadata.BrokerMetadataPublisher     : [BrokerMetadataPublisher id=0] Publishing initial metadata at offset OffsetAndEpoch(offset=4, epoch=1) with metadata.version 3.6-IV2.
2025-09-17T23:01:51.168+05:30  INFO 40888 --- [midas-core] [r-event-handler] kafka.log.LogManager                     : Loading logs from log dirs ArraySeq(C:\Users\deeph\AppData\Local\Temp\kafka-6224219049613720715\broker_0_data0)
2025-09-17T23:01:51.175+05:30  INFO 40888 --- [midas-core] [r-event-handler] kafka.log.LogManager                     : No logs found to be loaded in C:\Users\deeph\AppData\Local\Temp\kafka-6224219049613720715\broker_0_data0
2025-09-17T23:01:51.189+05:30  INFO 40888 --- [midas-core] [r-event-handler] kafka.log.LogManager                     : Loaded 0 logs in 18ms
2025-09-17T23:01:51.189+05:30  INFO 40888 --- [midas-core] [r-event-handler] kafka.log.LogManager                     : Starting log cleanup with a period of 300000 ms.
2025-09-17T23:01:51.191+05:30  INFO 40888 --- [midas-core] [r-event-handler] kafka.log.LogManager                     : Starting log flusher with a default period of 9223372036854775807 ms.
2025-09-17T23:01:51.223+05:30  INFO 40888 --- [midas-core] [r-event-handler] kafka.log.LogCleaner                     : Starting the log cleaner
2025-09-17T23:01:51.237+05:30  INFO 40888 --- [midas-core] [leaner-thread-0] kafka.log.LogCleaner$CleanerThread       : [kafka-log-cleaner-thread-0]: Starting
2025-09-17T23:01:51.244+05:30  INFO 40888 --- [midas-core] [rFailureHandler] k.s.ReplicaManager$LogDirFailureHandler  : [LogDirFailureHandler]: Starting
2025-09-17T23:01:51.244+05:30  INFO 40888 --- [midas-core] [nSenderThread-0] kafka.server.AddPartitionsToTxnManager   : [AddPartitionsToTxnSenderThread-0]: Starting
2025-09-17T23:01:51.244+05:30  INFO 40888 --- [midas-core] [r-event-handler] k.coordinator.group.GroupCoordinator     : [GroupCoordinator 0]: Starting up.
2025-09-17T23:01:51.247+05:30  INFO 40888 --- [midas-core] [channel-manager] kafka.server.BrokerLifecycleManager      : [BrokerLifecycleManager id=0] Successfully registered broker 0 with broker epoch 5
2025-09-17T23:01:51.247+05:30  INFO 40888 --- [midas-core] [r-event-handler] k.coordinator.group.GroupCoordinator     : [GroupCoordinator 0]: Startup complete.
2025-09-17T23:01:51.255+05:30  INFO 40888 --- [midas-core] [r-event-handler] k.c.transaction.TransactionCoordinator   : [TransactionCoordinator id=0] Starting up.
2025-09-17T23:01:51.258+05:30  INFO 40888 --- [midas-core] [rSenderThread-0] k.c.t.TransactionMarkerChannelManager    : [TxnMarkerSenderThread-0]: Starting
2025-09-17T23:01:51.261+05:30  INFO 40888 --- [midas-core] [r-event-handler] k.c.transaction.TransactionCoordinator   : [TransactionCoordinator id=0] Startup complete.
2025-09-17T23:01:51.262+05:30  INFO 40888 --- [midas-core] [r-event-handler] k.s.metadata.BrokerMetadataPublisher     : [BrokerMetadataPublisher id=0] Updating metadata.version to 14 at offset OffsetAndEpoch(offset=4, epoch=1).
2025-09-17T23:01:51.288+05:30  INFO 40888 --- [midas-core] [channel-manager] kafka.server.BrokerLifecycleManager      : [BrokerLifecycleManager id=0] The broker has caught up. Transitioning from STARTING to RECOVERY.
2025-09-17T23:01:51.288+05:30  INFO 40888 --- [midas-core] [-kit-executor-3] kafka.server.BrokerServer                : [BrokerServer id=0] Finished waiting for the controller to acknowledge that we are caught up
2025-09-17T23:01:51.289+05:30  INFO 40888 --- [midas-core] [-kit-executor-3] kafka.server.BrokerServer                : [BrokerServer id=0] Waiting for the initial broker metadata update to be published
2025-09-17T23:01:51.289+05:30  INFO 40888 --- [midas-core] [-kit-executor-3] kafka.server.BrokerServer                : [BrokerServer id=0] Finished waiting for the initial broker metadata update to be published
2025-09-17T23:01:51.290+05:30  INFO 40888 --- [midas-core] [-kit-executor-3] kafka.server.KafkaConfig                 : KafkaConfig values: 
	advertised.listeners = null
	alter.config.policy.class.name = null
	alter.log.dirs.replication.quota.window.num = 11
	alter.log.dirs.replication.quota.window.size.seconds = 1
	authorizer.class.name = 
	auto.create.topics.enable = true
	auto.include.jmx.reporter = true
	auto.leader.rebalance.enable = true
	background.threads = 10
	broker.heartbeat.interval.ms = 2000
	broker.id = 0
	broker.id.generation.enable = true
	broker.rack = null
	broker.session.timeout.ms = 9000
	client.quota.callback.class = null
	compression.type = producer
	connection.failed.authentication.delay.ms = 100
	connections.max.idle.ms = 600000
	connections.max.reauth.ms = 0
	control.plane.listener.name = null
	controlled.shutdown.enable = true
	controlled.shutdown.max.retries = 3
	controlled.shutdown.retry.backoff.ms = 5000
	controller.listener.names = CONTROLLER
	controller.quorum.append.linger.ms = 25
	controller.quorum.election.backoff.max.ms = 1000
	controller.quorum.election.timeout.ms = 1000
	controller.quorum.fetch.timeout.ms = 2000
	controller.quorum.request.timeout.ms = 2000
	controller.quorum.retry.backoff.ms = 20
	controller.quorum.voters = [0@0.0.0.0:0]
	controller.quota.window.num = 11
	controller.quota.window.size.seconds = 1
	controller.socket.timeout.ms = 30000
	create.topic.policy.class.name = null
	default.replication.factor = 1
	delegation.token.expiry.check.interval.ms = 3600000
	delegation.token.expiry.time.ms = 86400000
	delegation.token.master.key = null
	delegation.token.max.lifetime.ms = 604800000
	delegation.token.secret.key = null
	delete.records.purgatory.purge.interval.requests = 1
	delete.topic.enable = true
	early.start.listeners = null
	fetch.max.bytes = 57671680
	fetch.purgatory.purge.interval.requests = 1000
	group.consumer.assignors = [org.apache.kafka.coordinator.group.assignor.RangeAssignor]
	group.consumer.heartbeat.interval.ms = 5000
	group.consumer.max.heartbeat.interval.ms = 15000
	group.consumer.max.session.timeout.ms = 60000
	group.consumer.max.size = 2147483647
	group.consumer.min.heartbeat.interval.ms = 5000
	group.consumer.min.session.timeout.ms = 45000
	group.consumer.session.timeout.ms = 45000
	group.coordinator.new.enable = false
	group.coordinator.threads = 1
	group.initial.rebalance.delay.ms = 0
	group.max.session.timeout.ms = 1800000
	group.max.size = 2147483647
	group.min.session.timeout.ms = 6000
	initial.broker.registration.timeout.ms = 60000
	inter.broker.listener.name = EXTERNAL
	inter.broker.protocol.version = 3.6-IV2
	kafka.metrics.polling.interval.secs = 10
	kafka.metrics.reporters = []
	leader.imbalance.check.interval.seconds = 300
	leader.imbalance.per.broker.percentage = 10
	listener.security.protocol.map = EXTERNAL:PLAINTEXT,CONTROLLER:PLAINTEXT
	listeners = EXTERNAL://localhost:0,CONTROLLER://localhost:0
	log.cleaner.backoff.ms = 15000
	log.cleaner.dedupe.buffer.size = 2097152
	log.cleaner.delete.retention.ms = 86400000
	log.cleaner.enable = true
	log.cleaner.io.buffer.load.factor = 0.9
	log.cleaner.io.buffer.size = 524288
	log.cleaner.io.max.bytes.per.second = 1.7976931348623157E308
	log.cleaner.max.compaction.lag.ms = 9223372036854775807
	log.cleaner.min.cleanable.ratio = 0.5
	log.cleaner.min.compaction.lag.ms = 0
	log.cleaner.threads = 1
	log.cleanup.policy = [delete]
	log.dir = /tmp/kafka-logs
	log.dirs = C:\Users\deeph\AppData\Local\Temp\kafka-6224219049613720715\broker_0_data0
	log.flush.interval.messages = 9223372036854775807
	log.flush.interval.ms = null
	log.flush.offset.checkpoint.interval.ms = 60000
	log.flush.scheduler.interval.ms = 9223372036854775807
	log.flush.start.offset.checkpoint.interval.ms = 60000
	log.index.interval.bytes = 4096
	log.index.size.max.bytes = 10485760
	log.local.retention.bytes = -2
	log.local.retention.ms = -2
	log.message.downconversion.enable = true
	log.message.format.version = 3.0-IV1
	log.message.timestamp.after.max.ms = 9223372036854775807
	log.message.timestamp.before.max.ms = 9223372036854775807
	log.message.timestamp.difference.max.ms = 9223372036854775807
	log.message.timestamp.type = CreateTime
	log.preallocate = false
	log.retention.bytes = -1
	log.retention.check.interval.ms = 300000
	log.retention.hours = 168
	log.retention.minutes = null
	log.retention.ms = null
	log.roll.hours = 168
	log.roll.jitter.hours = 0
	log.roll.jitter.ms = null
	log.roll.ms = null
	log.segment.bytes = 1073741824
	log.segment.delete.delay.ms = 60000
	max.connection.creation.rate = 2147483647
	max.connections = 2147483647
	max.connections.per.ip = 2147483647
	max.connections.per.ip.overrides = 
	max.incremental.fetch.session.cache.slots = 1000
	message.max.bytes = 1048588
	metadata.log.dir = C:\Users\deeph\AppData\Local\Temp\kafka-6224219049613720715\controller_0
	metadata.log.max.record.bytes.between.snapshots = 20971520
	metadata.log.max.snapshot.interval.ms = 3600000
	metadata.log.segment.bytes = 1073741824
	metadata.log.segment.min.bytes = 8388608
	metadata.log.segment.ms = 604800000
	metadata.max.idle.interval.ms = 500
	metadata.max.retention.bytes = 104857600
	metadata.max.retention.ms = 604800000
	metric.reporters = []
	metrics.num.samples = 2
	metrics.recording.level = INFO
	metrics.sample.window.ms = 30000
	min.insync.replicas = 1
	node.id = 0
	num.io.threads = 8
	num.network.threads = 3
	num.partitions = 1
	num.recovery.threads.per.data.dir = 1
	num.replica.alter.log.dirs.threads = null
	num.replica.fetchers = 1
	offset.metadata.max.bytes = 4096
	offsets.commit.required.acks = -1
	offsets.commit.timeout.ms = 5000
	offsets.load.buffer.size = 5242880
	offsets.retention.check.interval.ms = 600000
	offsets.retention.minutes = 10080
	offsets.topic.compression.codec = 0
	offsets.topic.num.partitions = 50
	offsets.topic.replication.factor = 1
	offsets.topic.segment.bytes = 104857600
	password.encoder.cipher.algorithm = AES/CBC/PKCS5Padding
	password.encoder.iterations = 4096
	password.encoder.key.length = 128
	password.encoder.keyfactory.algorithm = null
	password.encoder.old.secret = null
	password.encoder.secret = null
	principal.builder.class = class org.apache.kafka.common.security.authenticator.DefaultKafkaPrincipalBuilder
	process.roles = [broker, controller]
	producer.id.expiration.check.interval.ms = 600000
	producer.id.expiration.ms = 86400000
	producer.purgatory.purge.interval.requests = 1000
	queued.max.request.bytes = -1
	queued.max.requests = 500
	quota.window.num = 11
	quota.window.size.seconds = 1
	remote.log.index.file.cache.total.size.bytes = 1073741824
	remote.log.manager.task.interval.ms = 30000
	remote.log.manager.task.retry.backoff.max.ms = 30000
	remote.log.manager.task.retry.backoff.ms = 500
	remote.log.manager.task.retry.jitter = 0.2
	remote.log.manager.thread.pool.size = 10
	remote.log.metadata.custom.metadata.max.bytes = 128
	remote.log.metadata.manager.class.name = org.apache.kafka.server.log.remote.metadata.storage.TopicBasedRemoteLogMetadataManager
	remote.log.metadata.manager.class.path = null
	remote.log.metadata.manager.impl.prefix = rlmm.config.
	remote.log.metadata.manager.listener.name = null
	remote.log.reader.max.pending.tasks = 100
	remote.log.reader.threads = 10
	remote.log.storage.manager.class.name = null
	remote.log.storage.manager.class.path = null
	remote.log.storage.manager.impl.prefix = rsm.config.
	remote.log.storage.system.enable = false
	replica.fetch.backoff.ms = 1000
	replica.fetch.max.bytes = 1048576
	replica.fetch.min.bytes = 1
	replica.fetch.response.max.bytes = 10485760
	replica.fetch.wait.max.ms = 500
	replica.high.watermark.checkpoint.interval.ms = 5000
	replica.lag.time.max.ms = 30000
	replica.selector.class = null
	replica.socket.receive.buffer.bytes = 65536
	replica.socket.timeout.ms = 30000
	replication.quota.window.num = 11
	replication.quota.window.size.seconds = 1
	request.timeout.ms = 30000
	reserved.broker.max.id = 1000
	sasl.client.callback.handler.class = null
	sasl.enabled.mechanisms = [GSSAPI]
	sasl.jaas.config = null
	sasl.kerberos.kinit.cmd = /usr/bin/kinit
	sasl.kerberos.min.time.before.relogin = 60000
	sasl.kerberos.principal.to.local.rules = [DEFAULT]
	sasl.kerberos.service.name = null
	sasl.kerberos.ticket.renew.jitter = 0.05
	sasl.kerberos.ticket.renew.window.factor = 0.8
	sasl.login.callback.handler.class = null
	sasl.login.class = null
	sasl.login.connect.timeout.ms = null
	sasl.login.read.timeout.ms = null
	sasl.login.refresh.buffer.seconds = 300
	sasl.login.refresh.min.period.seconds = 60
	sasl.login.refresh.window.factor = 0.8
	sasl.login.refresh.window.jitter = 0.05
	sasl.login.retry.backoff.max.ms = 10000
	sasl.login.retry.backoff.ms = 100
	sasl.mechanism.controller.protocol = GSSAPI
	sasl.mechanism.inter.broker.protocol = GSSAPI
	sasl.oauthbearer.clock.skew.seconds = 30
	sasl.oauthbearer.expected.audience = null
	sasl.oauthbearer.expected.issuer = null
	sasl.oauthbearer.jwks.endpoint.refresh.ms = 3600000
	sasl.oauthbearer.jwks.endpoint.retry.backoff.max.ms = 10000
	sasl.oauthbearer.jwks.endpoint.retry.backoff.ms = 100
	sasl.oauthbearer.jwks.endpoint.url = null
	sasl.oauthbearer.scope.claim.name = scope
	sasl.oauthbearer.sub.claim.name = sub
	sasl.oauthbearer.token.endpoint.url = null
	sasl.server.callback.handler.class = null
	sasl.server.max.receive.size = 524288
	security.inter.broker.protocol = PLAINTEXT
	security.providers = null
	server.max.startup.time.ms = 600000
	socket.connection.setup.timeout.max.ms = 30000
	socket.connection.setup.timeout.ms = 10000
	socket.listen.backlog.size = 50
	socket.receive.buffer.bytes = 102400
	socket.request.max.bytes = 104857600
	socket.send.buffer.bytes = 102400
	ssl.cipher.suites = []
	ssl.client.auth = none
	ssl.enabled.protocols = [TLSv1.2, TLSv1.3]
	ssl.endpoint.identification.algorithm = https
	ssl.engine.factory.class = null
	ssl.key.password = null
	ssl.keymanager.algorithm = SunX509
	ssl.keystore.certificate.chain = null
	ssl.keystore.key = null
	ssl.keystore.location = null
	ssl.keystore.password = null
	ssl.keystore.type = JKS
	ssl.principal.mapping.rules = DEFAULT
	ssl.protocol = TLSv1.3
	ssl.provider = null
	ssl.secure.random.implementation = null
	ssl.trustmanager.algorithm = PKIX
	ssl.truststore.certificates = null
	ssl.truststore.location = null
	ssl.truststore.password = null
	ssl.truststore.type = JKS
	transaction.abort.timed.out.transaction.cleanup.interval.ms = 10000
	transaction.max.timeout.ms = 900000
	transaction.partition.verification.enable = true
	transaction.remove.expired.transaction.cleanup.interval.ms = 3600000
	transaction.state.log.load.buffer.size = 5242880
	transaction.state.log.min.isr = 2
	transaction.state.log.num.partitions = 50
	transaction.state.log.replication.factor = 3
	transaction.state.log.segment.bytes = 104857600
	transactional.id.expiration.ms = 604800000
	unclean.leader.election.enable = false
	unstable.api.versions.enable = false
	zookeeper.clientCnxnSocket = null
	zookeeper.connect = null
	zookeeper.connection.timeout.ms = null
	zookeeper.max.in.flight.requests = 10
	zookeeper.metadata.migration.enable = false
	zookeeper.metadata.migration.min.batch.size = 200
	zookeeper.session.timeout.ms = 18000
	zookeeper.set.acl = false
	zookeeper.ssl.cipher.suites = null
	zookeeper.ssl.client.enable = false
	zookeeper.ssl.crl.enable = false
	zookeeper.ssl.enabled.protocols = null
	zookeeper.ssl.endpoint.identification.algorithm = HTTPS
	zookeeper.ssl.keystore.location = null
	zookeeper.ssl.keystore.password = null
	zookeeper.ssl.keystore.type = null
	zookeeper.ssl.ocsp.enable = false
	zookeeper.ssl.protocol = TLSv1.2
	zookeeper.ssl.truststore.location = null
	zookeeper.ssl.truststore.password = null
	zookeeper.ssl.truststore.type = null

2025-09-17T23:01:51.298+05:30  INFO 40888 --- [midas-core] [-kit-executor-3] kafka.server.BrokerServer                : [BrokerServer id=0] Waiting for the broker to be unfenced
2025-09-17T23:01:51.343+05:30  INFO 40888 --- [midas-core] [channel-manager] kafka.server.BrokerLifecycleManager      : [BrokerLifecycleManager id=0] The broker has been unfenced. Transitioning from RECOVERY to RUNNING.
2025-09-17T23:01:51.343+05:30  INFO 40888 --- [midas-core] [-kit-executor-3] kafka.server.BrokerServer                : [BrokerServer id=0] Finished waiting for the broker to be unfenced
2025-09-17T23:01:51.345+05:30  INFO 40888 --- [midas-core] [-kit-executor-3] kafka.network.SocketServer               : [SocketServer listenerType=BROKER, nodeId=0] Enabling request processing.
2025-09-17T23:01:51.345+05:30  INFO 40888 --- [midas-core] [-kit-executor-3] kafka.server.BrokerServer                : [BrokerServer id=0] Waiting for all of the authorizer futures to be completed
2025-09-17T23:01:51.345+05:30  INFO 40888 --- [midas-core] [-kit-executor-3] kafka.server.BrokerServer                : [BrokerServer id=0] Finished waiting for all of the authorizer futures to be completed
2025-09-17T23:01:51.345+05:30  INFO 40888 --- [midas-core] [-kit-executor-3] kafka.server.BrokerServer                : [BrokerServer id=0] Waiting for all of the SocketServer Acceptors to be started
2025-09-17T23:01:51.345+05:30  INFO 40888 --- [midas-core] [-kit-executor-3] kafka.server.BrokerServer                : [BrokerServer id=0] Finished waiting for all of the SocketServer Acceptors to be started
2025-09-17T23:01:51.345+05:30  INFO 40888 --- [midas-core] [-kit-executor-3] kafka.server.BrokerServer                : [BrokerServer id=0] Transition from STARTING to STARTED
2025-09-17T23:01:51.399+05:30  INFO 40888 --- [midas-core] [           main] com.jpmc.midascore.TaskTwoTests          : Starting TaskTwoTests using Java 17.0.12 with PID 40888 (started by deeph in C:\Users\deeph\forage-midas)
2025-09-17T23:01:51.399+05:30 DEBUG 40888 --- [midas-core] [           main] com.jpmc.midascore.TaskTwoTests          : Running with Spring Boot v3.2.5, Spring v6.1.6
2025-09-17T23:01:51.399+05:30  INFO 40888 --- [midas-core] [           main] com.jpmc.midascore.TaskTwoTests          : No active profile set, falling back to 1 default profile: "default"
2025-09-17T23:01:52.364+05:30  INFO 40888 --- [midas-core] [           main] .s.d.r.c.RepositoryConfigurationDelegate : Bootstrapping Spring Data JPA repositories in DEFAULT mode.
2025-09-17T23:01:52.435+05:30  INFO 40888 --- [midas-core] [           main] .s.d.r.c.RepositoryConfigurationDelegate : Finished Spring Data repository scanning in 62 ms. Found 1 JPA repository interface.
2025-09-17T23:01:53.277+05:30  INFO 40888 --- [midas-core] [           main] o.hibernate.jpa.internal.util.LogHelper  : HHH000204: Processing PersistenceUnitInfo [name: default]
2025-09-17T23:01:53.384+05:30  INFO 40888 --- [midas-core] [           main] org.hibernate.Version                    : HHH000412: Hibernate ORM core version 6.4.4.Final
2025-09-17T23:01:53.449+05:30  INFO 40888 --- [midas-core] [           main] o.h.c.internal.RegionFactoryInitiator    : HHH000026: Second-level cache disabled
2025-09-17T23:01:53.756+05:30  INFO 40888 --- [midas-core] [           main] o.s.o.j.p.SpringPersistenceUnitInfo      : No LoadTimeWeaver setup: ignoring JPA class transformer
2025-09-17T23:01:53.791+05:30  INFO 40888 --- [midas-core] [           main] com.zaxxer.hikari.HikariDataSource       : HikariPool-1 - Starting...
2025-09-17T23:01:53.981+05:30  INFO 40888 --- [midas-core] [           main] com.zaxxer.hikari.pool.HikariPool        : HikariPool-1 - Added connection conn0: url=jdbc:h2:mem:testdb user=SA
2025-09-17T23:01:53.982+05:30  INFO 40888 --- [midas-core] [           main] com.zaxxer.hikari.HikariDataSource       : HikariPool-1 - Start completed.
2025-09-17T23:01:54.007+05:30  WARN 40888 --- [midas-core] [           main] org.hibernate.orm.deprecation            : HHH90000025: H2Dialect does not need to be specified explicitly using 'hibernate.dialect' (remove the property setting and it will be selected by default)
2025-09-17T23:01:55.225+05:30  INFO 40888 --- [midas-core] [           main] o.h.e.t.j.p.i.JtaPlatformInitiator       : HHH000489: No JTA platform available (set 'hibernate.transaction.jta.platform' to enable JTA platform integration)
2025-09-17T23:01:55.271+05:30  INFO 40888 --- [midas-core] [           main] j.LocalContainerEntityManagerFactoryBean : Initialized JPA EntityManagerFactory for persistence unit 'default'
2025-09-17T23:01:56.495+05:30  WARN 40888 --- [midas-core] [           main] JpaBaseConfiguration$JpaWebConfiguration : spring.jpa.open-in-view is enabled by default. Therefore, database queries may be performed during view rendering. Explicitly configure spring.jpa.open-in-view to disable this warning
2025-09-17T23:01:57.088+05:30  INFO 40888 --- [midas-core] [           main] o.s.b.a.h2.H2ConsoleAutoConfiguration    : H2 console available at '/h2-console'. Database available at 'jdbc:h2:mem:testdb'
2025-09-17T23:01:57.672+05:30  INFO 40888 --- [midas-core] [           main] com.jpmc.midascore.TaskTwoTests          : Started TaskTwoTests in 8.793 seconds (process running for 10.238)
2025-09-17T23:01:57.770+05:30  INFO 40888 --- [midas-core] [quest-handler-4] k.s.DefaultAutoTopicCreationManager      : Sent auto-creation request for Set(transaction-topic) to the active controller.
2025-09-17T23:01:57.789+05:30  INFO 40888 --- [midas-core] [quest-handler-2] k.s.DefaultAutoTopicCreationManager      : Sent auto-creation request for Set(__consumer_offsets) to the active controller.
2025-09-17T23:01:57.802+05:30  WARN 40888 --- [midas-core] [ntainer#0-0-C-1] org.apache.kafka.clients.NetworkClient   : [Consumer clientId=consumer-test-group-1, groupId=test-group] Error while fetching metadata with correlation id 2 : {transaction-topic=UNKNOWN_TOPIC_OR_PARTITION}
2025-09-17T23:01:57.868+05:30  INFO 40888 --- [midas-core] [r-event-handler] state.change.logger                      : [Broker id=0] Transitioning 1 partition(s) to local leaders.
2025-09-17T23:01:57.875+05:30  INFO 40888 --- [midas-core] [r-event-handler] kafka.server.ReplicaFetcherManager       : [ReplicaFetcherManager on broker 0] Removed fetcher for partitions Set(transaction-topic-0)
2025-09-17T23:01:57.882+05:30  INFO 40888 --- [midas-core] [r-event-handler] state.change.logger                      : [Broker id=0] Creating new partition transaction-topic-0 with topic id n4mcMmRKSJ2e9kngw95jXQ.
2025-09-17T23:01:57.921+05:30  INFO 40888 --- [midas-core] [quest-handler-5] k.s.DefaultAutoTopicCreationManager      : Sent auto-creation request for Set(__consumer_offsets) to the active controller.
2025-09-17T23:01:57.953+05:30  INFO 40888 --- [midas-core] [r-event-handler] kafka.log.UnifiedLog$                    : [LogLoader partition=transaction-topic-0, dir=C:\Users\deeph\AppData\Local\Temp\kafka-6224219049613720715\broker_0_data0] Loading producer state till offset 0 with message format version 2
2025-09-17T23:01:57.958+05:30  INFO 40888 --- [midas-core] [r-event-handler] kafka.log.LogManager                     : Created log for partition transaction-topic-0 in C:\Users\deeph\AppData\Local\Temp\kafka-6224219049613720715\broker_0_data0\transaction-topic-0 with properties {}
2025-09-17T23:01:57.961+05:30  INFO 40888 --- [midas-core] [r-event-handler] kafka.cluster.Partition                  : [Partition transaction-topic-0 broker=0] No checkpointed highwatermark is found for partition transaction-topic-0
2025-09-17T23:01:57.965+05:30  INFO 40888 --- [midas-core] [r-event-handler] kafka.cluster.Partition                  : [Partition transaction-topic-0 broker=0] Log loaded for partition transaction-topic-0 with initial high watermark 0
2025-09-17T23:01:57.969+05:30  INFO 40888 --- [midas-core] [r-event-handler] state.change.logger                      : [Broker id=0] Leader transaction-topic-0 with topic id Some(n4mcMmRKSJ2e9kngw95jXQ) starts at leader epoch 0 from offset 0 with partition epoch 0, high watermark 0, ISR [0], adding replicas [] and removing replicas [] . Previous leader None and previous leader epoch was -1.
2025-09-17T23:01:57.980+05:30  INFO 40888 --- [midas-core] [r-event-handler] state.change.logger                      : [Broker id=0] Transitioning 50 partition(s) to local leaders.
2025-09-17T23:01:57.981+05:30  INFO 40888 --- [midas-core] [r-event-handler] kafka.server.ReplicaFetcherManager       : [ReplicaFetcherManager on broker 0] Removed fetcher for partitions Set(__consumer_offsets-13, __consumer_offsets-46, __consumer_offsets-9, __consumer_offsets-42, __consumer_offsets-21, __consumer_offsets-17, __consumer_offsets-30, __consumer_offsets-26, __consumer_offsets-5, __consumer_offsets-38, __consumer_offsets-1, __consumer_offsets-34, __consumer_offsets-16, __consumer_offsets-45, __consumer_offsets-12, __consumer_offsets-41, __consumer_offsets-24, __consumer_offsets-20, __consumer_offsets-49, __consumer_offsets-0, __consumer_offsets-29, __consumer_offsets-25, __consumer_offsets-8, __consumer_offsets-37, __consumer_offsets-4, __consumer_offsets-33, __consumer_offsets-15, __consumer_offsets-48, __consumer_offsets-11, __consumer_offsets-44, __consumer_offsets-23, __consumer_offsets-19, __consumer_offsets-32, __consumer_offsets-28, __consumer_offsets-7, __consumer_offsets-40, __consumer_offsets-3, __consumer_offsets-36, __consumer_offsets-47, __consumer_offsets-14, __consumer_offsets-43, __consumer_offsets-10, __consumer_offsets-22, __consumer_offsets-18, __consumer_offsets-31, __consumer_offsets-27, __consumer_offsets-39, __consumer_offsets-6, __consumer_offsets-35, __consumer_offsets-2)
2025-09-17T23:01:57.981+05:30  INFO 40888 --- [midas-core] [r-event-handler] state.change.logger                      : [Broker id=0] Creating new partition __consumer_offsets-13 with topic id z9BeaTmjSbSUXX7-cRON7A.
2025-09-17T23:01:57.992+05:30  INFO 40888 --- [midas-core] [r-event-handler] kafka.log.UnifiedLog$                    : [LogLoader partition=__consumer_offsets-13, dir=C:\Users\deeph\AppData\Local\Temp\kafka-6224219049613720715\broker_0_data0] Loading producer state till offset 0 with message format version 2
2025-09-17T23:01:57.993+05:30  INFO 40888 --- [midas-core] [r-event-handler] kafka.log.LogManager                     : Created log for partition __consumer_offsets-13 in C:\Users\deeph\AppData\Local\Temp\kafka-6224219049613720715\broker_0_data0\__consumer_offsets-13 with properties {cleanup.policy=compact, compression.type="producer", segment.bytes=104857600}
2025-09-17T23:01:57.993+05:30  INFO 40888 --- [midas-core] [r-event-handler] kafka.cluster.Partition                  : [Partition __consumer_offsets-13 broker=0] No checkpointed highwatermark is found for partition __consumer_offsets-13
2025-09-17T23:01:57.993+05:30  INFO 40888 --- [midas-core] [r-event-handler] kafka.cluster.Partition                  : [Partition __consumer_offsets-13 broker=0] Log loaded for partition __consumer_offsets-13 with initial high watermark 0
2025-09-17T23:01:57.993+05:30  INFO 40888 --- [midas-core] [r-event-handler] state.change.logger                      : [Broker id=0] Leader __consumer_offsets-13 with topic id Some(z9BeaTmjSbSUXX7-cRON7A) starts at leader epoch 0 from offset 0 with partition epoch 0, high watermark 0, ISR [0], adding replicas [] and removing replicas [] . Previous leader None and previous leader epoch was -1.
2025-09-17T23:01:58.000+05:30  INFO 40888 --- [midas-core] [r-event-handler] state.change.logger                      : [Broker id=0] Creating new partition __consumer_offsets-46 with topic id z9BeaTmjSbSUXX7-cRON7A.
2025-09-17T23:01:58.007+05:30  INFO 40888 --- [midas-core] [r-event-handler] kafka.log.UnifiedLog$                    : [LogLoader partition=__consumer_offsets-46, dir=C:\Users\deeph\AppData\Local\Temp\kafka-6224219049613720715\broker_0_data0] Loading producer state till offset 0 with message format version 2
2025-09-17T23:01:58.008+05:30  INFO 40888 --- [midas-core] [r-event-handler] kafka.log.LogManager                     : Created log for partition __consumer_offsets-46 in C:\Users\deeph\AppData\Local\Temp\kafka-6224219049613720715\broker_0_data0\__consumer_offsets-46 with properties {cleanup.policy=compact, compression.type="producer", segment.bytes=104857600}
2025-09-17T23:01:58.008+05:30  INFO 40888 --- [midas-core] [r-event-handler] kafka.cluster.Partition                  : [Partition __consumer_offsets-46 broker=0] No checkpointed highwatermark is found for partition __consumer_offsets-46
2025-09-17T23:01:58.009+05:30  INFO 40888 --- [midas-core] [r-event-handler] kafka.cluster.Partition                  : [Partition __consumer_offsets-46 broker=0] Log loaded for partition __consumer_offsets-46 with initial high watermark 0
2025-09-17T23:01:58.009+05:30  INFO 40888 --- [midas-core] [r-event-handler] state.change.logger                      : [Broker id=0] Leader __consumer_offsets-46 with topic id Some(z9BeaTmjSbSUXX7-cRON7A) starts at leader epoch 0 from offset 0 with partition epoch 0, high watermark 0, ISR [0], adding replicas [] and removing replicas [] . Previous leader None and previous leader epoch was -1.
2025-09-17T23:01:58.014+05:30  INFO 40888 --- [midas-core] [r-event-handler] state.change.logger                      : [Broker id=0] Creating new partition __consumer_offsets-9 with topic id z9BeaTmjSbSUXX7-cRON7A.
2025-09-17T23:01:58.026+05:30  INFO 40888 --- [midas-core] [r-event-handler] kafka.log.UnifiedLog$                    : [LogLoader partition=__consumer_offsets-9, dir=C:\Users\deeph\AppData\Local\Temp\kafka-6224219049613720715\broker_0_data0] Loading producer state till offset 0 with message format version 2
2025-09-17T23:01:58.026+05:30  INFO 40888 --- [midas-core] [r-event-handler] kafka.log.LogManager                     : Created log for partition __consumer_offsets-9 in C:\Users\deeph\AppData\Local\Temp\kafka-6224219049613720715\broker_0_data0\__consumer_offsets-9 with properties {cleanup.policy=compact, compression.type="producer", segment.bytes=104857600}
2025-09-17T23:01:58.026+05:30  INFO 40888 --- [midas-core] [r-event-handler] kafka.cluster.Partition                  : [Partition __consumer_offsets-9 broker=0] No checkpointed highwatermark is found for partition __consumer_offsets-9
2025-09-17T23:01:58.027+05:30  INFO 40888 --- [midas-core] [r-event-handler] kafka.cluster.Partition                  : [Partition __consumer_offsets-9 broker=0] Log loaded for partition __consumer_offsets-9 with initial high watermark 0
2025-09-17T23:01:58.027+05:30  INFO 40888 --- [midas-core] [r-event-handler] state.change.logger                      : [Broker id=0] Leader __consumer_offsets-9 with topic id Some(z9BeaTmjSbSUXX7-cRON7A) starts at leader epoch 0 from offset 0 with partition epoch 0, high watermark 0, ISR [0], adding replicas [] and removing replicas [] . Previous leader None and previous leader epoch was -1.
2025-09-17T23:01:58.033+05:30  INFO 40888 --- [midas-core] [r-event-handler] state.change.logger                      : [Broker id=0] Creating new partition __consumer_offsets-42 with topic id z9BeaTmjSbSUXX7-cRON7A.
2025-09-17T23:01:58.041+05:30  INFO 40888 --- [midas-core] [r-event-handler] kafka.log.UnifiedLog$                    : [LogLoader partition=__consumer_offsets-42, dir=C:\Users\deeph\AppData\Local\Temp\kafka-6224219049613720715\broker_0_data0] Loading producer state till offset 0 with message format version 2
2025-09-17T23:01:58.043+05:30  INFO 40888 --- [midas-core] [r-event-handler] kafka.log.LogManager                     : Created log for partition __consumer_offsets-42 in C:\Users\deeph\AppData\Local\Temp\kafka-6224219049613720715\broker_0_data0\__consumer_offsets-42 with properties {cleanup.policy=compact, compression.type="producer", segment.bytes=104857600}
2025-09-17T23:01:58.043+05:30  INFO 40888 --- [midas-core] [r-event-handler] kafka.cluster.Partition                  : [Partition __consumer_offsets-42 broker=0] No checkpointed highwatermark is found for partition __consumer_offsets-42
2025-09-17T23:01:58.043+05:30  INFO 40888 --- [midas-core] [r-event-handler] kafka.cluster.Partition                  : [Partition __consumer_offsets-42 broker=0] Log loaded for partition __consumer_offsets-42 with initial high watermark 0
2025-09-17T23:01:58.043+05:30  INFO 40888 --- [midas-core] [r-event-handler] state.change.logger                      : [Broker id=0] Leader __consumer_offsets-42 with topic id Some(z9BeaTmjSbSUXX7-cRON7A) starts at leader epoch 0 from offset 0 with partition epoch 0, high watermark 0, ISR [0], adding replicas [] and removing replicas [] . Previous leader None and previous leader epoch was -1.
2025-09-17T23:01:58.048+05:30  INFO 40888 --- [midas-core] [r-event-handler] state.change.logger                      : [Broker id=0] Creating new partition __consumer_offsets-21 with topic id z9BeaTmjSbSUXX7-cRON7A.
2025-09-17T23:01:58.054+05:30  INFO 40888 --- [midas-core] [r-event-handler] kafka.log.UnifiedLog$                    : [LogLoader partition=__consumer_offsets-21, dir=C:\Users\deeph\AppData\Local\Temp\kafka-6224219049613720715\broker_0_data0] Loading producer state till offset 0 with message format version 2
2025-09-17T23:01:58.054+05:30  INFO 40888 --- [midas-core] [r-event-handler] kafka.log.LogManager                     : Created log for partition __consumer_offsets-21 in C:\Users\deeph\AppData\Local\Temp\kafka-6224219049613720715\broker_0_data0\__consumer_offsets-21 with properties {cleanup.policy=compact, compression.type="producer", segment.bytes=104857600}
2025-09-17T23:01:58.054+05:30  INFO 40888 --- [midas-core] [r-event-handler] kafka.cluster.Partition                  : [Partition __consumer_offsets-21 broker=0] No checkpointed highwatermark is found for partition __consumer_offsets-21
2025-09-17T23:01:58.054+05:30  INFO 40888 --- [midas-core] [r-event-handler] kafka.cluster.Partition                  : [Partition __consumer_offsets-21 broker=0] Log loaded for partition __consumer_offsets-21 with initial high watermark 0
2025-09-17T23:01:58.054+05:30  INFO 40888 --- [midas-core] [r-event-handler] state.change.logger                      : [Broker id=0] Leader __consumer_offsets-21 with topic id Some(z9BeaTmjSbSUXX7-cRON7A) starts at leader epoch 0 from offset 0 with partition epoch 0, high watermark 0, ISR [0], adding replicas [] and removing replicas [] . Previous leader None and previous leader epoch was -1.
2025-09-17T23:01:58.064+05:30  INFO 40888 --- [midas-core] [r-event-handler] state.change.logger                      : [Broker id=0] Creating new partition __consumer_offsets-17 with topic id z9BeaTmjSbSUXX7-cRON7A.
2025-09-17T23:01:58.071+05:30  INFO 40888 --- [midas-core] [r-event-handler] kafka.log.UnifiedLog$                    : [LogLoader partition=__consumer_offsets-17, dir=C:\Users\deeph\AppData\Local\Temp\kafka-6224219049613720715\broker_0_data0] Loading producer state till offset 0 with message format version 2
2025-09-17T23:01:58.072+05:30  INFO 40888 --- [midas-core] [r-event-handler] kafka.log.LogManager                     : Created log for partition __consumer_offsets-17 in C:\Users\deeph\AppData\Local\Temp\kafka-6224219049613720715\broker_0_data0\__consumer_offsets-17 with properties {cleanup.policy=compact, compression.type="producer", segment.bytes=104857600}
2025-09-17T23:01:58.072+05:30  INFO 40888 --- [midas-core] [r-event-handler] kafka.cluster.Partition                  : [Partition __consumer_offsets-17 broker=0] No checkpointed highwatermark is found for partition __consumer_offsets-17
2025-09-17T23:01:58.072+05:30  INFO 40888 --- [midas-core] [r-event-handler] kafka.cluster.Partition                  : [Partition __consumer_offsets-17 broker=0] Log loaded for partition __consumer_offsets-17 with initial high watermark 0
2025-09-17T23:01:58.073+05:30  INFO 40888 --- [midas-core] [r-event-handler] state.change.logger                      : [Broker id=0] Leader __consumer_offsets-17 with topic id Some(z9BeaTmjSbSUXX7-cRON7A) starts at leader epoch 0 from offset 0 with partition epoch 0, high watermark 0, ISR [0], adding replicas [] and removing replicas [] . Previous leader None and previous leader epoch was -1.
2025-09-17T23:01:58.078+05:30  INFO 40888 --- [midas-core] [r-event-handler] state.change.logger                      : [Broker id=0] Creating new partition __consumer_offsets-30 with topic id z9BeaTmjSbSUXX7-cRON7A.
2025-09-17T23:01:58.081+05:30  INFO 40888 --- [midas-core] [r-event-handler] kafka.log.UnifiedLog$                    : [LogLoader partition=__consumer_offsets-30, dir=C:\Users\deeph\AppData\Local\Temp\kafka-6224219049613720715\broker_0_data0] Loading producer state till offset 0 with message format version 2
2025-09-17T23:01:58.087+05:30  INFO 40888 --- [midas-core] [r-event-handler] kafka.log.LogManager                     : Created log for partition __consumer_offsets-30 in C:\Users\deeph\AppData\Local\Temp\kafka-6224219049613720715\broker_0_data0\__consumer_offsets-30 with properties {cleanup.policy=compact, compression.type="producer", segment.bytes=104857600}
2025-09-17T23:01:58.087+05:30  INFO 40888 --- [midas-core] [r-event-handler] kafka.cluster.Partition                  : [Partition __consumer_offsets-30 broker=0] No checkpointed highwatermark is found for partition __consumer_offsets-30
2025-09-17T23:01:58.087+05:30  INFO 40888 --- [midas-core] [r-event-handler] kafka.cluster.Partition                  : [Partition __consumer_offsets-30 broker=0] Log loaded for partition __consumer_offsets-30 with initial high watermark 0
2025-09-17T23:01:58.087+05:30  INFO 40888 --- [midas-core] [r-event-handler] state.change.logger                      : [Broker id=0] Leader __consumer_offsets-30 with topic id Some(z9BeaTmjSbSUXX7-cRON7A) starts at leader epoch 0 from offset 0 with partition epoch 0, high watermark 0, ISR [0], adding replicas [] and removing replicas [] . Previous leader None and previous leader epoch was -1.
2025-09-17T23:01:58.091+05:30  INFO 40888 --- [midas-core] [r-event-handler] state.change.logger                      : [Broker id=0] Creating new partition __consumer_offsets-26 with topic id z9BeaTmjSbSUXX7-cRON7A.
2025-09-17T23:01:58.097+05:30  INFO 40888 --- [midas-core] [r-event-handler] kafka.log.UnifiedLog$                    : [LogLoader partition=__consumer_offsets-26, dir=C:\Users\deeph\AppData\Local\Temp\kafka-6224219049613720715\broker_0_data0] Loading producer state till offset 0 with message format version 2
2025-09-17T23:01:58.097+05:30  INFO 40888 --- [midas-core] [r-event-handler] kafka.log.LogManager                     : Created log for partition __consumer_offsets-26 in C:\Users\deeph\AppData\Local\Temp\kafka-6224219049613720715\broker_0_data0\__consumer_offsets-26 with properties {cleanup.policy=compact, compression.type="producer", segment.bytes=104857600}
2025-09-17T23:01:58.097+05:30  INFO 40888 --- [midas-core] [r-event-handler] kafka.cluster.Partition                  : [Partition __consumer_offsets-26 broker=0] No checkpointed highwatermark is found for partition __consumer_offsets-26
2025-09-17T23:01:58.097+05:30  INFO 40888 --- [midas-core] [r-event-handler] kafka.cluster.Partition                  : [Partition __consumer_offsets-26 broker=0] Log loaded for partition __consumer_offsets-26 with initial high watermark 0
2025-09-17T23:01:58.097+05:30  INFO 40888 --- [midas-core] [r-event-handler] state.change.logger                      : [Broker id=0] Leader __consumer_offsets-26 with topic id Some(z9BeaTmjSbSUXX7-cRON7A) starts at leader epoch 0 from offset 0 with partition epoch 0, high watermark 0, ISR [0], adding replicas [] and removing replicas [] . Previous leader None and previous leader epoch was -1.
2025-09-17T23:01:58.104+05:30  INFO 40888 --- [midas-core] [r-event-handler] state.change.logger                      : [Broker id=0] Creating new partition __consumer_offsets-5 with topic id z9BeaTmjSbSUXX7-cRON7A.
2025-09-17T23:01:58.110+05:30  INFO 40888 --- [midas-core] [r-event-handler] kafka.log.UnifiedLog$                    : [LogLoader partition=__consumer_offsets-5, dir=C:\Users\deeph\AppData\Local\Temp\kafka-6224219049613720715\broker_0_data0] Loading producer state till offset 0 with message format version 2
2025-09-17T23:01:58.110+05:30  INFO 40888 --- [midas-core] [r-event-handler] kafka.log.LogManager                     : Created log for partition __consumer_offsets-5 in C:\Users\deeph\AppData\Local\Temp\kafka-6224219049613720715\broker_0_data0\__consumer_offsets-5 with properties {cleanup.policy=compact, compression.type="producer", segment.bytes=104857600}
2025-09-17T23:01:58.110+05:30  INFO 40888 --- [midas-core] [r-event-handler] kafka.cluster.Partition                  : [Partition __consumer_offsets-5 broker=0] No checkpointed highwatermark is found for partition __consumer_offsets-5
2025-09-17T23:01:58.110+05:30  INFO 40888 --- [midas-core] [r-event-handler] kafka.cluster.Partition                  : [Partition __consumer_offsets-5 broker=0] Log loaded for partition __consumer_offsets-5 with initial high watermark 0
2025-09-17T23:01:58.110+05:30  INFO 40888 --- [midas-core] [r-event-handler] state.change.logger                      : [Broker id=0] Leader __consumer_offsets-5 with topic id Some(z9BeaTmjSbSUXX7-cRON7A) starts at leader epoch 0 from offset 0 with partition epoch 0, high watermark 0, ISR [0], adding replicas [] and removing replicas [] . Previous leader None and previous leader epoch was -1.
2025-09-17T23:01:58.122+05:30  INFO 40888 --- [midas-core] [r-event-handler] state.change.logger                      : [Broker id=0] Creating new partition __consumer_offsets-38 with topic id z9BeaTmjSbSUXX7-cRON7A.
2025-09-17T23:01:58.122+05:30  INFO 40888 --- [midas-core] [r-event-handler] kafka.log.UnifiedLog$                    : [LogLoader partition=__consumer_offsets-38, dir=C:\Users\deeph\AppData\Local\Temp\kafka-6224219049613720715\broker_0_data0] Loading producer state till offset 0 with message format version 2
2025-09-17T23:01:58.122+05:30  INFO 40888 --- [midas-core] [r-event-handler] kafka.log.LogManager                     : Created log for partition __consumer_offsets-38 in C:\Users\deeph\AppData\Local\Temp\kafka-6224219049613720715\broker_0_data0\__consumer_offsets-38 with properties {cleanup.policy=compact, compression.type="producer", segment.bytes=104857600}
2025-09-17T23:01:58.122+05:30  INFO 40888 --- [midas-core] [r-event-handler] kafka.cluster.Partition                  : [Partition __consumer_offsets-38 broker=0] No checkpointed highwatermark is found for partition __consumer_offsets-38
2025-09-17T23:01:58.122+05:30  INFO 40888 --- [midas-core] [r-event-handler] kafka.cluster.Partition                  : [Partition __consumer_offsets-38 broker=0] Log loaded for partition __consumer_offsets-38 with initial high watermark 0
2025-09-17T23:01:58.122+05:30  INFO 40888 --- [midas-core] [r-event-handler] state.change.logger                      : [Broker id=0] Leader __consumer_offsets-38 with topic id Some(z9BeaTmjSbSUXX7-cRON7A) starts at leader epoch 0 from offset 0 with partition epoch 0, high watermark 0, ISR [0], adding replicas [] and removing replicas [] . Previous leader None and previous leader epoch was -1.
2025-09-17T23:01:58.132+05:30  INFO 40888 --- [midas-core] [r-event-handler] state.change.logger                      : [Broker id=0] Creating new partition __consumer_offsets-1 with topic id z9BeaTmjSbSUXX7-cRON7A.
2025-09-17T23:01:58.143+05:30  INFO 40888 --- [midas-core] [r-event-handler] kafka.log.UnifiedLog$                    : [LogLoader partition=__consumer_offsets-1, dir=C:\Users\deeph\AppData\Local\Temp\kafka-6224219049613720715\broker_0_data0] Loading producer state till offset 0 with message format version 2
2025-09-17T23:01:58.143+05:30  INFO 40888 --- [midas-core] [r-event-handler] kafka.log.LogManager                     : Created log for partition __consumer_offsets-1 in C:\Users\deeph\AppData\Local\Temp\kafka-6224219049613720715\broker_0_data0\__consumer_offsets-1 with properties {cleanup.policy=compact, compression.type="producer", segment.bytes=104857600}
2025-09-17T23:01:58.143+05:30  INFO 40888 --- [midas-core] [r-event-handler] kafka.cluster.Partition                  : [Partition __consumer_offsets-1 broker=0] No checkpointed highwatermark is found for partition __consumer_offsets-1
2025-09-17T23:01:58.143+05:30  INFO 40888 --- [midas-core] [r-event-handler] kafka.cluster.Partition                  : [Partition __consumer_offsets-1 broker=0] Log loaded for partition __consumer_offsets-1 with initial high watermark 0
2025-09-17T23:01:58.143+05:30  INFO 40888 --- [midas-core] [r-event-handler] state.change.logger                      : [Broker id=0] Leader __consumer_offsets-1 with topic id Some(z9BeaTmjSbSUXX7-cRON7A) starts at leader epoch 0 from offset 0 with partition epoch 0, high watermark 0, ISR [0], adding replicas [] and removing replicas [] . Previous leader None and previous leader epoch was -1.
2025-09-17T23:01:58.146+05:30  INFO 40888 --- [midas-core] [r-event-handler] state.change.logger                      : [Broker id=0] Creating new partition __consumer_offsets-34 with topic id z9BeaTmjSbSUXX7-cRON7A.
2025-09-17T23:01:58.156+05:30  INFO 40888 --- [midas-core] [r-event-handler] kafka.log.UnifiedLog$                    : [LogLoader partition=__consumer_offsets-34, dir=C:\Users\deeph\AppData\Local\Temp\kafka-6224219049613720715\broker_0_data0] Loading producer state till offset 0 with message format version 2
2025-09-17T23:01:58.158+05:30  INFO 40888 --- [midas-core] [r-event-handler] kafka.log.LogManager                     : Created log for partition __consumer_offsets-34 in C:\Users\deeph\AppData\Local\Temp\kafka-6224219049613720715\broker_0_data0\__consumer_offsets-34 with properties {cleanup.policy=compact, compression.type="producer", segment.bytes=104857600}
2025-09-17T23:01:58.158+05:30  INFO 40888 --- [midas-core] [r-event-handler] kafka.cluster.Partition                  : [Partition __consumer_offsets-34 broker=0] No checkpointed highwatermark is found for partition __consumer_offsets-34
2025-09-17T23:01:58.158+05:30  INFO 40888 --- [midas-core] [r-event-handler] kafka.cluster.Partition                  : [Partition __consumer_offsets-34 broker=0] Log loaded for partition __consumer_offsets-34 with initial high watermark 0
2025-09-17T23:01:58.158+05:30  INFO 40888 --- [midas-core] [r-event-handler] state.change.logger                      : [Broker id=0] Leader __consumer_offsets-34 with topic id Some(z9BeaTmjSbSUXX7-cRON7A) starts at leader epoch 0 from offset 0 with partition epoch 0, high watermark 0, ISR [0], adding replicas [] and removing replicas [] . Previous leader None and previous leader epoch was -1.
2025-09-17T23:01:58.164+05:30  INFO 40888 --- [midas-core] [r-event-handler] state.change.logger                      : [Broker id=0] Creating new partition __consumer_offsets-16 with topic id z9BeaTmjSbSUXX7-cRON7A.
2025-09-17T23:01:58.172+05:30  INFO 40888 --- [midas-core] [r-event-handler] kafka.log.UnifiedLog$                    : [LogLoader partition=__consumer_offsets-16, dir=C:\Users\deeph\AppData\Local\Temp\kafka-6224219049613720715\broker_0_data0] Loading producer state till offset 0 with message format version 2
2025-09-17T23:01:58.172+05:30  INFO 40888 --- [midas-core] [r-event-handler] kafka.log.LogManager                     : Created log for partition __consumer_offsets-16 in C:\Users\deeph\AppData\Local\Temp\kafka-6224219049613720715\broker_0_data0\__consumer_offsets-16 with properties {cleanup.policy=compact, compression.type="producer", segment.bytes=104857600}
2025-09-17T23:01:58.172+05:30  INFO 40888 --- [midas-core] [r-event-handler] kafka.cluster.Partition                  : [Partition __consumer_offsets-16 broker=0] No checkpointed highwatermark is found for partition __consumer_offsets-16
2025-09-17T23:01:58.172+05:30  INFO 40888 --- [midas-core] [r-event-handler] kafka.cluster.Partition                  : [Partition __consumer_offsets-16 broker=0] Log loaded for partition __consumer_offsets-16 with initial high watermark 0
2025-09-17T23:01:58.173+05:30  INFO 40888 --- [midas-core] [r-event-handler] state.change.logger                      : [Broker id=0] Leader __consumer_offsets-16 with topic id Some(z9BeaTmjSbSUXX7-cRON7A) starts at leader epoch 0 from offset 0 with partition epoch 0, high watermark 0, ISR [0], adding replicas [] and removing replicas [] . Previous leader None and previous leader epoch was -1.
2025-09-17T23:01:58.179+05:30  INFO 40888 --- [midas-core] [r-event-handler] state.change.logger                      : [Broker id=0] Creating new partition __consumer_offsets-45 with topic id z9BeaTmjSbSUXX7-cRON7A.
2025-09-17T23:01:58.187+05:30  INFO 40888 --- [midas-core] [r-event-handler] kafka.log.UnifiedLog$                    : [LogLoader partition=__consumer_offsets-45, dir=C:\Users\deeph\AppData\Local\Temp\kafka-6224219049613720715\broker_0_data0] Loading producer state till offset 0 with message format version 2
2025-09-17T23:01:58.187+05:30  INFO 40888 --- [midas-core] [r-event-handler] kafka.log.LogManager                     : Created log for partition __consumer_offsets-45 in C:\Users\deeph\AppData\Local\Temp\kafka-6224219049613720715\broker_0_data0\__consumer_offsets-45 with properties {cleanup.policy=compact, compression.type="producer", segment.bytes=104857600}
2025-09-17T23:01:58.187+05:30  INFO 40888 --- [midas-core] [r-event-handler] kafka.cluster.Partition                  : [Partition __consumer_offsets-45 broker=0] No checkpointed highwatermark is found for partition __consumer_offsets-45
2025-09-17T23:01:58.187+05:30  INFO 40888 --- [midas-core] [r-event-handler] kafka.cluster.Partition                  : [Partition __consumer_offsets-45 broker=0] Log loaded for partition __consumer_offsets-45 with initial high watermark 0
2025-09-17T23:01:58.187+05:30  INFO 40888 --- [midas-core] [r-event-handler] state.change.logger                      : [Broker id=0] Leader __consumer_offsets-45 with topic id Some(z9BeaTmjSbSUXX7-cRON7A) starts at leader epoch 0 from offset 0 with partition epoch 0, high watermark 0, ISR [0], adding replicas [] and removing replicas [] . Previous leader None and previous leader epoch was -1.
2025-09-17T23:01:58.191+05:30  INFO 40888 --- [midas-core] [r-event-handler] state.change.logger                      : [Broker id=0] Creating new partition __consumer_offsets-12 with topic id z9BeaTmjSbSUXX7-cRON7A.
2025-09-17T23:01:58.201+05:30  INFO 40888 --- [midas-core] [r-event-handler] kafka.log.UnifiedLog$                    : [LogLoader partition=__consumer_offsets-12, dir=C:\Users\deeph\AppData\Local\Temp\kafka-6224219049613720715\broker_0_data0] Loading producer state till offset 0 with message format version 2
2025-09-17T23:01:58.201+05:30  INFO 40888 --- [midas-core] [r-event-handler] kafka.log.LogManager                     : Created log for partition __consumer_offsets-12 in C:\Users\deeph\AppData\Local\Temp\kafka-6224219049613720715\broker_0_data0\__consumer_offsets-12 with properties {cleanup.policy=compact, compression.type="producer", segment.bytes=104857600}
2025-09-17T23:01:58.201+05:30  INFO 40888 --- [midas-core] [r-event-handler] kafka.cluster.Partition                  : [Partition __consumer_offsets-12 broker=0] No checkpointed highwatermark is found for partition __consumer_offsets-12
2025-09-17T23:01:58.203+05:30  INFO 40888 --- [midas-core] [r-event-handler] kafka.cluster.Partition                  : [Partition __consumer_offsets-12 broker=0] Log loaded for partition __consumer_offsets-12 with initial high watermark 0
2025-09-17T23:01:58.203+05:30  INFO 40888 --- [midas-core] [r-event-handler] state.change.logger                      : [Broker id=0] Leader __consumer_offsets-12 with topic id Some(z9BeaTmjSbSUXX7-cRON7A) starts at leader epoch 0 from offset 0 with partition epoch 0, high watermark 0, ISR [0], adding replicas [] and removing replicas [] . Previous leader None and previous leader epoch was -1.
2025-09-17T23:01:58.207+05:30  INFO 40888 --- [midas-core] [r-event-handler] state.change.logger                      : [Broker id=0] Creating new partition __consumer_offsets-41 with topic id z9BeaTmjSbSUXX7-cRON7A.
2025-09-17T23:01:58.215+05:30  INFO 40888 --- [midas-core] [r-event-handler] kafka.log.UnifiedLog$                    : [LogLoader partition=__consumer_offsets-41, dir=C:\Users\deeph\AppData\Local\Temp\kafka-6224219049613720715\broker_0_data0] Loading producer state till offset 0 with message format version 2
2025-09-17T23:01:58.215+05:30  INFO 40888 --- [midas-core] [r-event-handler] kafka.log.LogManager                     : Created log for partition __consumer_offsets-41 in C:\Users\deeph\AppData\Local\Temp\kafka-6224219049613720715\broker_0_data0\__consumer_offsets-41 with properties {cleanup.policy=compact, compression.type="producer", segment.bytes=104857600}
2025-09-17T23:01:58.215+05:30  INFO 40888 --- [midas-core] [r-event-handler] kafka.cluster.Partition                  : [Partition __consumer_offsets-41 broker=0] No checkpointed highwatermark is found for partition __consumer_offsets-41
2025-09-17T23:01:58.217+05:30  INFO 40888 --- [midas-core] [r-event-handler] kafka.cluster.Partition                  : [Partition __consumer_offsets-41 broker=0] Log loaded for partition __consumer_offsets-41 with initial high watermark 0
2025-09-17T23:01:58.217+05:30  INFO 40888 --- [midas-core] [r-event-handler] state.change.logger                      : [Broker id=0] Leader __consumer_offsets-41 with topic id Some(z9BeaTmjSbSUXX7-cRON7A) starts at leader epoch 0 from offset 0 with partition epoch 0, high watermark 0, ISR [0], adding replicas [] and removing replicas [] . Previous leader None and previous leader epoch was -1.
2025-09-17T23:01:58.221+05:30  INFO 40888 --- [midas-core] [r-event-handler] state.change.logger                      : [Broker id=0] Creating new partition __consumer_offsets-24 with topic id z9BeaTmjSbSUXX7-cRON7A.
2025-09-17T23:01:58.229+05:30  INFO 40888 --- [midas-core] [r-event-handler] kafka.log.UnifiedLog$                    : [LogLoader partition=__consumer_offsets-24, dir=C:\Users\deeph\AppData\Local\Temp\kafka-6224219049613720715\broker_0_data0] Loading producer state till offset 0 with message format version 2
2025-09-17T23:01:58.232+05:30  INFO 40888 --- [midas-core] [r-event-handler] kafka.log.LogManager                     : Created log for partition __consumer_offsets-24 in C:\Users\deeph\AppData\Local\Temp\kafka-6224219049613720715\broker_0_data0\__consumer_offsets-24 with properties {cleanup.policy=compact, compression.type="producer", segment.bytes=104857600}
2025-09-17T23:01:58.232+05:30  INFO 40888 --- [midas-core] [r-event-handler] kafka.cluster.Partition                  : [Partition __consumer_offsets-24 broker=0] No checkpointed highwatermark is found for partition __consumer_offsets-24
2025-09-17T23:01:58.232+05:30  INFO 40888 --- [midas-core] [r-event-handler] kafka.cluster.Partition                  : [Partition __consumer_offsets-24 broker=0] Log loaded for partition __consumer_offsets-24 with initial high watermark 0
2025-09-17T23:01:58.232+05:30  INFO 40888 --- [midas-core] [r-event-handler] state.change.logger                      : [Broker id=0] Leader __consumer_offsets-24 with topic id Some(z9BeaTmjSbSUXX7-cRON7A) starts at leader epoch 0 from offset 0 with partition epoch 0, high watermark 0, ISR [0], adding replicas [] and removing replicas [] . Previous leader None and previous leader epoch was -1.
2025-09-17T23:01:58.232+05:30  INFO 40888 --- [midas-core] [r-event-handler] state.change.logger                      : [Broker id=0] Creating new partition __consumer_offsets-20 with topic id z9BeaTmjSbSUXX7-cRON7A.
2025-09-17T23:01:58.255+05:30  INFO 40888 --- [midas-core] [r-event-handler] kafka.log.UnifiedLog$                    : [LogLoader partition=__consumer_offsets-20, dir=C:\Users\deeph\AppData\Local\Temp\kafka-6224219049613720715\broker_0_data0] Loading producer state till offset 0 with message format version 2
2025-09-17T23:01:58.255+05:30  INFO 40888 --- [midas-core] [r-event-handler] kafka.log.LogManager                     : Created log for partition __consumer_offsets-20 in C:\Users\deeph\AppData\Local\Temp\kafka-6224219049613720715\broker_0_data0\__consumer_offsets-20 with properties {cleanup.policy=compact, compression.type="producer", segment.bytes=104857600}
2025-09-17T23:01:58.255+05:30  INFO 40888 --- [midas-core] [r-event-handler] kafka.cluster.Partition                  : [Partition __consumer_offsets-20 broker=0] No checkpointed highwatermark is found for partition __consumer_offsets-20
2025-09-17T23:01:58.255+05:30  INFO 40888 --- [midas-core] [r-event-handler] kafka.cluster.Partition                  : [Partition __consumer_offsets-20 broker=0] Log loaded for partition __consumer_offsets-20 with initial high watermark 0
2025-09-17T23:01:58.255+05:30  INFO 40888 --- [midas-core] [r-event-handler] state.change.logger                      : [Broker id=0] Leader __consumer_offsets-20 with topic id Some(z9BeaTmjSbSUXX7-cRON7A) starts at leader epoch 0 from offset 0 with partition epoch 0, high watermark 0, ISR [0], adding replicas [] and removing replicas [] . Previous leader None and previous leader epoch was -1.
2025-09-17T23:01:58.261+05:30  INFO 40888 --- [midas-core] [r-event-handler] state.change.logger                      : [Broker id=0] Creating new partition __consumer_offsets-49 with topic id z9BeaTmjSbSUXX7-cRON7A.
2025-09-17T23:01:58.275+05:30  INFO 40888 --- [midas-core] [r-event-handler] kafka.log.UnifiedLog$                    : [LogLoader partition=__consumer_offsets-49, dir=C:\Users\deeph\AppData\Local\Temp\kafka-6224219049613720715\broker_0_data0] Loading producer state till offset 0 with message format version 2
2025-09-17T23:01:58.275+05:30  INFO 40888 --- [midas-core] [r-event-handler] kafka.log.LogManager                     : Created log for partition __consumer_offsets-49 in C:\Users\deeph\AppData\Local\Temp\kafka-6224219049613720715\broker_0_data0\__consumer_offsets-49 with properties {cleanup.policy=compact, compression.type="producer", segment.bytes=104857600}
2025-09-17T23:01:58.275+05:30  INFO 40888 --- [midas-core] [r-event-handler] kafka.cluster.Partition                  : [Partition __consumer_offsets-49 broker=0] No checkpointed highwatermark is found for partition __consumer_offsets-49
2025-09-17T23:01:58.275+05:30  INFO 40888 --- [midas-core] [r-event-handler] kafka.cluster.Partition                  : [Partition __consumer_offsets-49 broker=0] Log loaded for partition __consumer_offsets-49 with initial high watermark 0
2025-09-17T23:01:58.275+05:30  INFO 40888 --- [midas-core] [r-event-handler] state.change.logger                      : [Broker id=0] Leader __consumer_offsets-49 with topic id Some(z9BeaTmjSbSUXX7-cRON7A) starts at leader epoch 0 from offset 0 with partition epoch 0, high watermark 0, ISR [0], adding replicas [] and removing replicas [] . Previous leader None and previous leader epoch was -1.
2025-09-17T23:01:58.280+05:30  INFO 40888 --- [midas-core] [r-event-handler] state.change.logger                      : [Broker id=0] Creating new partition __consumer_offsets-0 with topic id z9BeaTmjSbSUXX7-cRON7A.
2025-09-17T23:01:58.291+05:30  INFO 40888 --- [midas-core] [r-event-handler] kafka.log.UnifiedLog$                    : [LogLoader partition=__consumer_offsets-0, dir=C:\Users\deeph\AppData\Local\Temp\kafka-6224219049613720715\broker_0_data0] Loading producer state till offset 0 with message format version 2
2025-09-17T23:01:58.292+05:30  INFO 40888 --- [midas-core] [r-event-handler] kafka.log.LogManager                     : Created log for partition __consumer_offsets-0 in C:\Users\deeph\AppData\Local\Temp\kafka-6224219049613720715\broker_0_data0\__consumer_offsets-0 with properties {cleanup.policy=compact, compression.type="producer", segment.bytes=104857600}
2025-09-17T23:01:58.292+05:30  INFO 40888 --- [midas-core] [r-event-handler] kafka.cluster.Partition                  : [Partition __consumer_offsets-0 broker=0] No checkpointed highwatermark is found for partition __consumer_offsets-0
2025-09-17T23:01:58.292+05:30  INFO 40888 --- [midas-core] [r-event-handler] kafka.cluster.Partition                  : [Partition __consumer_offsets-0 broker=0] Log loaded for partition __consumer_offsets-0 with initial high watermark 0
2025-09-17T23:01:58.292+05:30  INFO 40888 --- [midas-core] [r-event-handler] state.change.logger                      : [Broker id=0] Leader __consumer_offsets-0 with topic id Some(z9BeaTmjSbSUXX7-cRON7A) starts at leader epoch 0 from offset 0 with partition epoch 0, high watermark 0, ISR [0], adding replicas [] and removing replicas [] . Previous leader None and previous leader epoch was -1.
2025-09-17T23:01:58.295+05:30  INFO 40888 --- [midas-core] [r-event-handler] state.change.logger                      : [Broker id=0] Creating new partition __consumer_offsets-29 with topic id z9BeaTmjSbSUXX7-cRON7A.
2025-09-17T23:01:58.299+05:30  INFO 40888 --- [midas-core] [r-event-handler] kafka.log.UnifiedLog$                    : [LogLoader partition=__consumer_offsets-29, dir=C:\Users\deeph\AppData\Local\Temp\kafka-6224219049613720715\broker_0_data0] Loading producer state till offset 0 with message format version 2
2025-09-17T23:01:58.299+05:30  INFO 40888 --- [midas-core] [r-event-handler] kafka.log.LogManager                     : Created log for partition __consumer_offsets-29 in C:\Users\deeph\AppData\Local\Temp\kafka-6224219049613720715\broker_0_data0\__consumer_offsets-29 with properties {cleanup.policy=compact, compression.type="producer", segment.bytes=104857600}
2025-09-17T23:01:58.299+05:30  INFO 40888 --- [midas-core] [r-event-handler] kafka.cluster.Partition                  : [Partition __consumer_offsets-29 broker=0] No checkpointed highwatermark is found for partition __consumer_offsets-29
2025-09-17T23:01:58.299+05:30  INFO 40888 --- [midas-core] [r-event-handler] kafka.cluster.Partition                  : [Partition __consumer_offsets-29 broker=0] Log loaded for partition __consumer_offsets-29 with initial high watermark 0
2025-09-17T23:01:58.299+05:30  INFO 40888 --- [midas-core] [r-event-handler] state.change.logger                      : [Broker id=0] Leader __consumer_offsets-29 with topic id Some(z9BeaTmjSbSUXX7-cRON7A) starts at leader epoch 0 from offset 0 with partition epoch 0, high watermark 0, ISR [0], adding replicas [] and removing replicas [] . Previous leader None and previous leader epoch was -1.
2025-09-17T23:01:58.299+05:30  INFO 40888 --- [midas-core] [r-event-handler] state.change.logger                      : [Broker id=0] Creating new partition __consumer_offsets-25 with topic id z9BeaTmjSbSUXX7-cRON7A.
2025-09-17T23:01:58.314+05:30  INFO 40888 --- [midas-core] [r-event-handler] kafka.log.UnifiedLog$                    : [LogLoader partition=__consumer_offsets-25, dir=C:\Users\deeph\AppData\Local\Temp\kafka-6224219049613720715\broker_0_data0] Loading producer state till offset 0 with message format version 2
2025-09-17T23:01:58.314+05:30  INFO 40888 --- [midas-core] [r-event-handler] kafka.log.LogManager                     : Created log for partition __consumer_offsets-25 in C:\Users\deeph\AppData\Local\Temp\kafka-6224219049613720715\broker_0_data0\__consumer_offsets-25 with properties {cleanup.policy=compact, compression.type="producer", segment.bytes=104857600}
2025-09-17T23:01:58.314+05:30  INFO 40888 --- [midas-core] [r-event-handler] kafka.cluster.Partition                  : [Partition __consumer_offsets-25 broker=0] No checkpointed highwatermark is found for partition __consumer_offsets-25
2025-09-17T23:01:58.314+05:30  INFO 40888 --- [midas-core] [r-event-handler] kafka.cluster.Partition                  : [Partition __consumer_offsets-25 broker=0] Log loaded for partition __consumer_offsets-25 with initial high watermark 0
2025-09-17T23:01:58.314+05:30  INFO 40888 --- [midas-core] [r-event-handler] state.change.logger                      : [Broker id=0] Leader __consumer_offsets-25 with topic id Some(z9BeaTmjSbSUXX7-cRON7A) starts at leader epoch 0 from offset 0 with partition epoch 0, high watermark 0, ISR [0], adding replicas [] and removing replicas [] . Previous leader None and previous leader epoch was -1.
2025-09-17T23:01:58.323+05:30  INFO 40888 --- [midas-core] [r-event-handler] state.change.logger                      : [Broker id=0] Creating new partition __consumer_offsets-8 with topic id z9BeaTmjSbSUXX7-cRON7A.
2025-09-17T23:01:58.331+05:30  INFO 40888 --- [midas-core] [r-event-handler] kafka.log.UnifiedLog$                    : [LogLoader partition=__consumer_offsets-8, dir=C:\Users\deeph\AppData\Local\Temp\kafka-6224219049613720715\broker_0_data0] Loading producer state till offset 0 with message format version 2
2025-09-17T23:01:58.331+05:30  INFO 40888 --- [midas-core] [r-event-handler] kafka.log.LogManager                     : Created log for partition __consumer_offsets-8 in C:\Users\deeph\AppData\Local\Temp\kafka-6224219049613720715\broker_0_data0\__consumer_offsets-8 with properties {cleanup.policy=compact, compression.type="producer", segment.bytes=104857600}
2025-09-17T23:01:58.331+05:30  INFO 40888 --- [midas-core] [r-event-handler] kafka.cluster.Partition                  : [Partition __consumer_offsets-8 broker=0] No checkpointed highwatermark is found for partition __consumer_offsets-8
2025-09-17T23:01:58.331+05:30  INFO 40888 --- [midas-core] [r-event-handler] kafka.cluster.Partition                  : [Partition __consumer_offsets-8 broker=0] Log loaded for partition __consumer_offsets-8 with initial high watermark 0
2025-09-17T23:01:58.331+05:30  INFO 40888 --- [midas-core] [r-event-handler] state.change.logger                      : [Broker id=0] Leader __consumer_offsets-8 with topic id Some(z9BeaTmjSbSUXX7-cRON7A) starts at leader epoch 0 from offset 0 with partition epoch 0, high watermark 0, ISR [0], adding replicas [] and removing replicas [] . Previous leader None and previous leader epoch was -1.
2025-09-17T23:01:58.331+05:30  INFO 40888 --- [midas-core] [r-event-handler] state.change.logger                      : [Broker id=0] Creating new partition __consumer_offsets-37 with topic id z9BeaTmjSbSUXX7-cRON7A.
2025-09-17T23:01:58.345+05:30  INFO 40888 --- [midas-core] [r-event-handler] kafka.log.UnifiedLog$                    : [LogLoader partition=__consumer_offsets-37, dir=C:\Users\deeph\AppData\Local\Temp\kafka-6224219049613720715\broker_0_data0] Loading producer state till offset 0 with message format version 2
2025-09-17T23:01:58.349+05:30  INFO 40888 --- [midas-core] [r-event-handler] kafka.log.LogManager                     : Created log for partition __consumer_offsets-37 in C:\Users\deeph\AppData\Local\Temp\kafka-6224219049613720715\broker_0_data0\__consumer_offsets-37 with properties {cleanup.policy=compact, compression.type="producer", segment.bytes=104857600}
2025-09-17T23:01:58.349+05:30  INFO 40888 --- [midas-core] [r-event-handler] kafka.cluster.Partition                  : [Partition __consumer_offsets-37 broker=0] No checkpointed highwatermark is found for partition __consumer_offsets-37
2025-09-17T23:01:58.349+05:30  INFO 40888 --- [midas-core] [r-event-handler] kafka.cluster.Partition                  : [Partition __consumer_offsets-37 broker=0] Log loaded for partition __consumer_offsets-37 with initial high watermark 0
2025-09-17T23:01:58.349+05:30  INFO 40888 --- [midas-core] [r-event-handler] state.change.logger                      : [Broker id=0] Leader __consumer_offsets-37 with topic id Some(z9BeaTmjSbSUXX7-cRON7A) starts at leader epoch 0 from offset 0 with partition epoch 0, high watermark 0, ISR [0], adding replicas [] and removing replicas [] . Previous leader None and previous leader epoch was -1.
2025-09-17T23:01:58.357+05:30  INFO 40888 --- [midas-core] [r-event-handler] state.change.logger                      : [Broker id=0] Creating new partition __consumer_offsets-4 with topic id z9BeaTmjSbSUXX7-cRON7A.
2025-09-17T23:01:58.362+05:30  INFO 40888 --- [midas-core] [r-event-handler] kafka.log.UnifiedLog$                    : [LogLoader partition=__consumer_offsets-4, dir=C:\Users\deeph\AppData\Local\Temp\kafka-6224219049613720715\broker_0_data0] Loading producer state till offset 0 with message format version 2
2025-09-17T23:01:58.365+05:30  INFO 40888 --- [midas-core] [r-event-handler] kafka.log.LogManager                     : Created log for partition __consumer_offsets-4 in C:\Users\deeph\AppData\Local\Temp\kafka-6224219049613720715\broker_0_data0\__consumer_offsets-4 with properties {cleanup.policy=compact, compression.type="producer", segment.bytes=104857600}
2025-09-17T23:01:58.365+05:30  INFO 40888 --- [midas-core] [r-event-handler] kafka.cluster.Partition                  : [Partition __consumer_offsets-4 broker=0] No checkpointed highwatermark is found for partition __consumer_offsets-4
2025-09-17T23:01:58.365+05:30  INFO 40888 --- [midas-core] [r-event-handler] kafka.cluster.Partition                  : [Partition __consumer_offsets-4 broker=0] Log loaded for partition __consumer_offsets-4 with initial high watermark 0
2025-09-17T23:01:58.365+05:30  INFO 40888 --- [midas-core] [r-event-handler] state.change.logger                      : [Broker id=0] Leader __consumer_offsets-4 with topic id Some(z9BeaTmjSbSUXX7-cRON7A) starts at leader epoch 0 from offset 0 with partition epoch 0, high watermark 0, ISR [0], adding replicas [] and removing replicas [] . Previous leader None and previous leader epoch was -1.
2025-09-17T23:01:58.368+05:30  INFO 40888 --- [midas-core] [r-event-handler] state.change.logger                      : [Broker id=0] Creating new partition __consumer_offsets-33 with topic id z9BeaTmjSbSUXX7-cRON7A.
2025-09-17T23:01:58.375+05:30  INFO 40888 --- [midas-core] [r-event-handler] kafka.log.UnifiedLog$                    : [LogLoader partition=__consumer_offsets-33, dir=C:\Users\deeph\AppData\Local\Temp\kafka-6224219049613720715\broker_0_data0] Loading producer state till offset 0 with message format version 2
2025-09-17T23:01:58.377+05:30  INFO 40888 --- [midas-core] [r-event-handler] kafka.log.LogManager                     : Created log for partition __consumer_offsets-33 in C:\Users\deeph\AppData\Local\Temp\kafka-6224219049613720715\broker_0_data0\__consumer_offsets-33 with properties {cleanup.policy=compact, compression.type="producer", segment.bytes=104857600}
2025-09-17T23:01:58.377+05:30  INFO 40888 --- [midas-core] [r-event-handler] kafka.cluster.Partition                  : [Partition __consumer_offsets-33 broker=0] No checkpointed highwatermark is found for partition __consumer_offsets-33
2025-09-17T23:01:58.377+05:30  INFO 40888 --- [midas-core] [r-event-handler] kafka.cluster.Partition                  : [Partition __consumer_offsets-33 broker=0] Log loaded for partition __consumer_offsets-33 with initial high watermark 0
2025-09-17T23:01:58.377+05:30  INFO 40888 --- [midas-core] [r-event-handler] state.change.logger                      : [Broker id=0] Leader __consumer_offsets-33 with topic id Some(z9BeaTmjSbSUXX7-cRON7A) starts at leader epoch 0 from offset 0 with partition epoch 0, high watermark 0, ISR [0], adding replicas [] and removing replicas [] . Previous leader None and previous leader epoch was -1.
2025-09-17T23:01:58.383+05:30  INFO 40888 --- [midas-core] [r-event-handler] state.change.logger                      : [Broker id=0] Creating new partition __consumer_offsets-15 with topic id z9BeaTmjSbSUXX7-cRON7A.
2025-09-17T23:01:58.390+05:30  INFO 40888 --- [midas-core] [r-event-handler] kafka.log.UnifiedLog$                    : [LogLoader partition=__consumer_offsets-15, dir=C:\Users\deeph\AppData\Local\Temp\kafka-6224219049613720715\broker_0_data0] Loading producer state till offset 0 with message format version 2
2025-09-17T23:01:58.391+05:30  INFO 40888 --- [midas-core] [r-event-handler] kafka.log.LogManager                     : Created log for partition __consumer_offsets-15 in C:\Users\deeph\AppData\Local\Temp\kafka-6224219049613720715\broker_0_data0\__consumer_offsets-15 with properties {cleanup.policy=compact, compression.type="producer", segment.bytes=104857600}
2025-09-17T23:01:58.391+05:30  INFO 40888 --- [midas-core] [r-event-handler] kafka.cluster.Partition                  : [Partition __consumer_offsets-15 broker=0] No checkpointed highwatermark is found for partition __consumer_offsets-15
2025-09-17T23:01:58.391+05:30  INFO 40888 --- [midas-core] [r-event-handler] kafka.cluster.Partition                  : [Partition __consumer_offsets-15 broker=0] Log loaded for partition __consumer_offsets-15 with initial high watermark 0
2025-09-17T23:01:58.391+05:30  INFO 40888 --- [midas-core] [r-event-handler] state.change.logger                      : [Broker id=0] Leader __consumer_offsets-15 with topic id Some(z9BeaTmjSbSUXX7-cRON7A) starts at leader epoch 0 from offset 0 with partition epoch 0, high watermark 0, ISR [0], adding replicas [] and removing replicas [] . Previous leader None and previous leader epoch was -1.
2025-09-17T23:01:58.397+05:30  INFO 40888 --- [midas-core] [r-event-handler] state.change.logger                      : [Broker id=0] Creating new partition __consumer_offsets-48 with topic id z9BeaTmjSbSUXX7-cRON7A.
2025-09-17T23:01:58.405+05:30  INFO 40888 --- [midas-core] [r-event-handler] kafka.log.UnifiedLog$                    : [LogLoader partition=__consumer_offsets-48, dir=C:\Users\deeph\AppData\Local\Temp\kafka-6224219049613720715\broker_0_data0] Loading producer state till offset 0 with message format version 2
2025-09-17T23:01:58.405+05:30  INFO 40888 --- [midas-core] [r-event-handler] kafka.log.LogManager                     : Created log for partition __consumer_offsets-48 in C:\Users\deeph\AppData\Local\Temp\kafka-6224219049613720715\broker_0_data0\__consumer_offsets-48 with properties {cleanup.policy=compact, compression.type="producer", segment.bytes=104857600}
2025-09-17T23:01:58.405+05:30  INFO 40888 --- [midas-core] [r-event-handler] kafka.cluster.Partition                  : [Partition __consumer_offsets-48 broker=0] No checkpointed highwatermark is found for partition __consumer_offsets-48
2025-09-17T23:01:58.405+05:30  INFO 40888 --- [midas-core] [r-event-handler] kafka.cluster.Partition                  : [Partition __consumer_offsets-48 broker=0] Log loaded for partition __consumer_offsets-48 with initial high watermark 0
2025-09-17T23:01:58.405+05:30  INFO 40888 --- [midas-core] [r-event-handler] state.change.logger                      : [Broker id=0] Leader __consumer_offsets-48 with topic id Some(z9BeaTmjSbSUXX7-cRON7A) starts at leader epoch 0 from offset 0 with partition epoch 0, high watermark 0, ISR [0], adding replicas [] and removing replicas [] . Previous leader None and previous leader epoch was -1.
2025-09-17T23:01:58.412+05:30  INFO 40888 --- [midas-core] [r-event-handler] state.change.logger                      : [Broker id=0] Creating new partition __consumer_offsets-11 with topic id z9BeaTmjSbSUXX7-cRON7A.
2025-09-17T23:01:58.419+05:30  INFO 40888 --- [midas-core] [r-event-handler] kafka.log.UnifiedLog$                    : [LogLoader partition=__consumer_offsets-11, dir=C:\Users\deeph\AppData\Local\Temp\kafka-6224219049613720715\broker_0_data0] Loading producer state till offset 0 with message format version 2
2025-09-17T23:01:58.419+05:30  INFO 40888 --- [midas-core] [r-event-handler] kafka.log.LogManager                     : Created log for partition __consumer_offsets-11 in C:\Users\deeph\AppData\Local\Temp\kafka-6224219049613720715\broker_0_data0\__consumer_offsets-11 with properties {cleanup.policy=compact, compression.type="producer", segment.bytes=104857600}
2025-09-17T23:01:58.419+05:30  INFO 40888 --- [midas-core] [r-event-handler] kafka.cluster.Partition                  : [Partition __consumer_offsets-11 broker=0] No checkpointed highwatermark is found for partition __consumer_offsets-11
2025-09-17T23:01:58.419+05:30  INFO 40888 --- [midas-core] [r-event-handler] kafka.cluster.Partition                  : [Partition __consumer_offsets-11 broker=0] Log loaded for partition __consumer_offsets-11 with initial high watermark 0
2025-09-17T23:01:58.419+05:30  INFO 40888 --- [midas-core] [r-event-handler] state.change.logger                      : [Broker id=0] Leader __consumer_offsets-11 with topic id Some(z9BeaTmjSbSUXX7-cRON7A) starts at leader epoch 0 from offset 0 with partition epoch 0, high watermark 0, ISR [0], adding replicas [] and removing replicas [] . Previous leader None and previous leader epoch was -1.
2025-09-17T23:01:58.424+05:30  INFO 40888 --- [midas-core] [r-event-handler] state.change.logger                      : [Broker id=0] Creating new partition __consumer_offsets-44 with topic id z9BeaTmjSbSUXX7-cRON7A.
2025-09-17T23:01:58.433+05:30  INFO 40888 --- [midas-core] [r-event-handler] kafka.log.UnifiedLog$                    : [LogLoader partition=__consumer_offsets-44, dir=C:\Users\deeph\AppData\Local\Temp\kafka-6224219049613720715\broker_0_data0] Loading producer state till offset 0 with message format version 2
2025-09-17T23:01:58.435+05:30  INFO 40888 --- [midas-core] [r-event-handler] kafka.log.LogManager                     : Created log for partition __consumer_offsets-44 in C:\Users\deeph\AppData\Local\Temp\kafka-6224219049613720715\broker_0_data0\__consumer_offsets-44 with properties {cleanup.policy=compact, compression.type="producer", segment.bytes=104857600}
2025-09-17T23:01:58.435+05:30  INFO 40888 --- [midas-core] [r-event-handler] kafka.cluster.Partition                  : [Partition __consumer_offsets-44 broker=0] No checkpointed highwatermark is found for partition __consumer_offsets-44
2025-09-17T23:01:58.435+05:30  INFO 40888 --- [midas-core] [r-event-handler] kafka.cluster.Partition                  : [Partition __consumer_offsets-44 broker=0] Log loaded for partition __consumer_offsets-44 with initial high watermark 0
2025-09-17T23:01:58.435+05:30  INFO 40888 --- [midas-core] [r-event-handler] state.change.logger                      : [Broker id=0] Leader __consumer_offsets-44 with topic id Some(z9BeaTmjSbSUXX7-cRON7A) starts at leader epoch 0 from offset 0 with partition epoch 0, high watermark 0, ISR [0], adding replicas [] and removing replicas [] . Previous leader None and previous leader epoch was -1.
2025-09-17T23:01:58.438+05:30  INFO 40888 --- [midas-core] [r-event-handler] state.change.logger                      : [Broker id=0] Creating new partition __consumer_offsets-23 with topic id z9BeaTmjSbSUXX7-cRON7A.
2025-09-17T23:01:58.447+05:30  INFO 40888 --- [midas-core] [r-event-handler] kafka.log.UnifiedLog$                    : [LogLoader partition=__consumer_offsets-23, dir=C:\Users\deeph\AppData\Local\Temp\kafka-6224219049613720715\broker_0_data0] Loading producer state till offset 0 with message format version 2
2025-09-17T23:01:58.447+05:30  INFO 40888 --- [midas-core] [r-event-handler] kafka.log.LogManager                     : Created log for partition __consumer_offsets-23 in C:\Users\deeph\AppData\Local\Temp\kafka-6224219049613720715\broker_0_data0\__consumer_offsets-23 with properties {cleanup.policy=compact, compression.type="producer", segment.bytes=104857600}
2025-09-17T23:01:58.447+05:30  INFO 40888 --- [midas-core] [r-event-handler] kafka.cluster.Partition                  : [Partition __consumer_offsets-23 broker=0] No checkpointed highwatermark is found for partition __consumer_offsets-23
2025-09-17T23:01:58.447+05:30  INFO 40888 --- [midas-core] [r-event-handler] kafka.cluster.Partition                  : [Partition __consumer_offsets-23 broker=0] Log loaded for partition __consumer_offsets-23 with initial high watermark 0
2025-09-17T23:01:58.447+05:30  INFO 40888 --- [midas-core] [r-event-handler] state.change.logger                      : [Broker id=0] Leader __consumer_offsets-23 with topic id Some(z9BeaTmjSbSUXX7-cRON7A) starts at leader epoch 0 from offset 0 with partition epoch 0, high watermark 0, ISR [0], adding replicas [] and removing replicas [] . Previous leader None and previous leader epoch was -1.
2025-09-17T23:01:58.452+05:30  INFO 40888 --- [midas-core] [r-event-handler] state.change.logger                      : [Broker id=0] Creating new partition __consumer_offsets-19 with topic id z9BeaTmjSbSUXX7-cRON7A.
2025-09-17T23:01:58.455+05:30  INFO 40888 --- [midas-core] [r-event-handler] kafka.log.UnifiedLog$                    : [LogLoader partition=__consumer_offsets-19, dir=C:\Users\deeph\AppData\Local\Temp\kafka-6224219049613720715\broker_0_data0] Loading producer state till offset 0 with message format version 2
2025-09-17T23:01:58.455+05:30  INFO 40888 --- [midas-core] [r-event-handler] kafka.log.LogManager                     : Created log for partition __consumer_offsets-19 in C:\Users\deeph\AppData\Local\Temp\kafka-6224219049613720715\broker_0_data0\__consumer_offsets-19 with properties {cleanup.policy=compact, compression.type="producer", segment.bytes=104857600}
2025-09-17T23:01:58.455+05:30  INFO 40888 --- [midas-core] [r-event-handler] kafka.cluster.Partition                  : [Partition __consumer_offsets-19 broker=0] No checkpointed highwatermark is found for partition __consumer_offsets-19
2025-09-17T23:01:58.455+05:30  INFO 40888 --- [midas-core] [r-event-handler] kafka.cluster.Partition                  : [Partition __consumer_offsets-19 broker=0] Log loaded for partition __consumer_offsets-19 with initial high watermark 0
2025-09-17T23:01:58.455+05:30  INFO 40888 --- [midas-core] [r-event-handler] state.change.logger                      : [Broker id=0] Leader __consumer_offsets-19 with topic id Some(z9BeaTmjSbSUXX7-cRON7A) starts at leader epoch 0 from offset 0 with partition epoch 0, high watermark 0, ISR [0], adding replicas [] and removing replicas [] . Previous leader None and previous leader epoch was -1.
2025-09-17T23:01:58.467+05:30  INFO 40888 --- [midas-core] [r-event-handler] state.change.logger                      : [Broker id=0] Creating new partition __consumer_offsets-32 with topic id z9BeaTmjSbSUXX7-cRON7A.
2025-09-17T23:01:58.469+05:30  INFO 40888 --- [midas-core] [r-event-handler] kafka.log.UnifiedLog$                    : [LogLoader partition=__consumer_offsets-32, dir=C:\Users\deeph\AppData\Local\Temp\kafka-6224219049613720715\broker_0_data0] Loading producer state till offset 0 with message format version 2
2025-09-17T23:01:58.469+05:30  INFO 40888 --- [midas-core] [r-event-handler] kafka.log.LogManager                     : Created log for partition __consumer_offsets-32 in C:\Users\deeph\AppData\Local\Temp\kafka-6224219049613720715\broker_0_data0\__consumer_offsets-32 with properties {cleanup.policy=compact, compression.type="producer", segment.bytes=104857600}
2025-09-17T23:01:58.476+05:30  INFO 40888 --- [midas-core] [r-event-handler] kafka.cluster.Partition                  : [Partition __consumer_offsets-32 broker=0] No checkpointed highwatermark is found for partition __consumer_offsets-32
2025-09-17T23:01:58.476+05:30  INFO 40888 --- [midas-core] [r-event-handler] kafka.cluster.Partition                  : [Partition __consumer_offsets-32 broker=0] Log loaded for partition __consumer_offsets-32 with initial high watermark 0
2025-09-17T23:01:58.476+05:30  INFO 40888 --- [midas-core] [r-event-handler] state.change.logger                      : [Broker id=0] Leader __consumer_offsets-32 with topic id Some(z9BeaTmjSbSUXX7-cRON7A) starts at leader epoch 0 from offset 0 with partition epoch 0, high watermark 0, ISR [0], adding replicas [] and removing replicas [] . Previous leader None and previous leader epoch was -1.
2025-09-17T23:01:58.482+05:30  INFO 40888 --- [midas-core] [r-event-handler] state.change.logger                      : [Broker id=0] Creating new partition __consumer_offsets-28 with topic id z9BeaTmjSbSUXX7-cRON7A.
2025-09-17T23:01:58.490+05:30  INFO 40888 --- [midas-core] [r-event-handler] kafka.log.UnifiedLog$                    : [LogLoader partition=__consumer_offsets-28, dir=C:\Users\deeph\AppData\Local\Temp\kafka-6224219049613720715\broker_0_data0] Loading producer state till offset 0 with message format version 2
2025-09-17T23:01:58.490+05:30  INFO 40888 --- [midas-core] [r-event-handler] kafka.log.LogManager                     : Created log for partition __consumer_offsets-28 in C:\Users\deeph\AppData\Local\Temp\kafka-6224219049613720715\broker_0_data0\__consumer_offsets-28 with properties {cleanup.policy=compact, compression.type="producer", segment.bytes=104857600}
2025-09-17T23:01:58.490+05:30  INFO 40888 --- [midas-core] [r-event-handler] kafka.cluster.Partition                  : [Partition __consumer_offsets-28 broker=0] No checkpointed highwatermark is found for partition __consumer_offsets-28
2025-09-17T23:01:58.490+05:30  INFO 40888 --- [midas-core] [r-event-handler] kafka.cluster.Partition                  : [Partition __consumer_offsets-28 broker=0] Log loaded for partition __consumer_offsets-28 with initial high watermark 0
2025-09-17T23:01:58.490+05:30  INFO 40888 --- [midas-core] [r-event-handler] state.change.logger                      : [Broker id=0] Leader __consumer_offsets-28 with topic id Some(z9BeaTmjSbSUXX7-cRON7A) starts at leader epoch 0 from offset 0 with partition epoch 0, high watermark 0, ISR [0], adding replicas [] and removing replicas [] . Previous leader None and previous leader epoch was -1.
2025-09-17T23:01:58.497+05:30  INFO 40888 --- [midas-core] [r-event-handler] state.change.logger                      : [Broker id=0] Creating new partition __consumer_offsets-7 with topic id z9BeaTmjSbSUXX7-cRON7A.
2025-09-17T23:01:58.504+05:30  INFO 40888 --- [midas-core] [r-event-handler] kafka.log.UnifiedLog$                    : [LogLoader partition=__consumer_offsets-7, dir=C:\Users\deeph\AppData\Local\Temp\kafka-6224219049613720715\broker_0_data0] Loading producer state till offset 0 with message format version 2
2025-09-17T23:01:58.504+05:30  INFO 40888 --- [midas-core] [r-event-handler] kafka.log.LogManager                     : Created log for partition __consumer_offsets-7 in C:\Users\deeph\AppData\Local\Temp\kafka-6224219049613720715\broker_0_data0\__consumer_offsets-7 with properties {cleanup.policy=compact, compression.type="producer", segment.bytes=104857600}
2025-09-17T23:01:58.504+05:30  INFO 40888 --- [midas-core] [r-event-handler] kafka.cluster.Partition                  : [Partition __consumer_offsets-7 broker=0] No checkpointed highwatermark is found for partition __consumer_offsets-7
2025-09-17T23:01:58.504+05:30  INFO 40888 --- [midas-core] [r-event-handler] kafka.cluster.Partition                  : [Partition __consumer_offsets-7 broker=0] Log loaded for partition __consumer_offsets-7 with initial high watermark 0
2025-09-17T23:01:58.504+05:30  INFO 40888 --- [midas-core] [r-event-handler] state.change.logger                      : [Broker id=0] Leader __consumer_offsets-7 with topic id Some(z9BeaTmjSbSUXX7-cRON7A) starts at leader epoch 0 from offset 0 with partition epoch 0, high watermark 0, ISR [0], adding replicas [] and removing replicas [] . Previous leader None and previous leader epoch was -1.
2025-09-17T23:01:58.513+05:30  INFO 40888 --- [midas-core] [r-event-handler] state.change.logger                      : [Broker id=0] Creating new partition __consumer_offsets-40 with topic id z9BeaTmjSbSUXX7-cRON7A.
2025-09-17T23:01:58.521+05:30  INFO 40888 --- [midas-core] [r-event-handler] kafka.log.UnifiedLog$                    : [LogLoader partition=__consumer_offsets-40, dir=C:\Users\deeph\AppData\Local\Temp\kafka-6224219049613720715\broker_0_data0] Loading producer state till offset 0 with message format version 2
2025-09-17T23:01:58.521+05:30  INFO 40888 --- [midas-core] [r-event-handler] kafka.log.LogManager                     : Created log for partition __consumer_offsets-40 in C:\Users\deeph\AppData\Local\Temp\kafka-6224219049613720715\broker_0_data0\__consumer_offsets-40 with properties {cleanup.policy=compact, compression.type="producer", segment.bytes=104857600}
2025-09-17T23:01:58.521+05:30  INFO 40888 --- [midas-core] [r-event-handler] kafka.cluster.Partition                  : [Partition __consumer_offsets-40 broker=0] No checkpointed highwatermark is found for partition __consumer_offsets-40
2025-09-17T23:01:58.521+05:30  INFO 40888 --- [midas-core] [r-event-handler] kafka.cluster.Partition                  : [Partition __consumer_offsets-40 broker=0] Log loaded for partition __consumer_offsets-40 with initial high watermark 0
2025-09-17T23:01:58.521+05:30  INFO 40888 --- [midas-core] [r-event-handler] state.change.logger                      : [Broker id=0] Leader __consumer_offsets-40 with topic id Some(z9BeaTmjSbSUXX7-cRON7A) starts at leader epoch 0 from offset 0 with partition epoch 0, high watermark 0, ISR [0], adding replicas [] and removing replicas [] . Previous leader None and previous leader epoch was -1.
2025-09-17T23:01:58.530+05:30  INFO 40888 --- [midas-core] [r-event-handler] state.change.logger                      : [Broker id=0] Creating new partition __consumer_offsets-3 with topic id z9BeaTmjSbSUXX7-cRON7A.
2025-09-17T23:01:58.538+05:30  INFO 40888 --- [midas-core] [r-event-handler] kafka.log.UnifiedLog$                    : [LogLoader partition=__consumer_offsets-3, dir=C:\Users\deeph\AppData\Local\Temp\kafka-6224219049613720715\broker_0_data0] Loading producer state till offset 0 with message format version 2
2025-09-17T23:01:58.538+05:30  INFO 40888 --- [midas-core] [r-event-handler] kafka.log.LogManager                     : Created log for partition __consumer_offsets-3 in C:\Users\deeph\AppData\Local\Temp\kafka-6224219049613720715\broker_0_data0\__consumer_offsets-3 with properties {cleanup.policy=compact, compression.type="producer", segment.bytes=104857600}
2025-09-17T23:01:58.538+05:30  INFO 40888 --- [midas-core] [r-event-handler] kafka.cluster.Partition                  : [Partition __consumer_offsets-3 broker=0] No checkpointed highwatermark is found for partition __consumer_offsets-3
2025-09-17T23:01:58.538+05:30  INFO 40888 --- [midas-core] [r-event-handler] kafka.cluster.Partition                  : [Partition __consumer_offsets-3 broker=0] Log loaded for partition __consumer_offsets-3 with initial high watermark 0
2025-09-17T23:01:58.538+05:30  INFO 40888 --- [midas-core] [r-event-handler] state.change.logger                      : [Broker id=0] Leader __consumer_offsets-3 with topic id Some(z9BeaTmjSbSUXX7-cRON7A) starts at leader epoch 0 from offset 0 with partition epoch 0, high watermark 0, ISR [0], adding replicas [] and removing replicas [] . Previous leader None and previous leader epoch was -1.
2025-09-17T23:01:58.544+05:30  INFO 40888 --- [midas-core] [r-event-handler] state.change.logger                      : [Broker id=0] Creating new partition __consumer_offsets-36 with topic id z9BeaTmjSbSUXX7-cRON7A.
2025-09-17T23:01:58.552+05:30  INFO 40888 --- [midas-core] [r-event-handler] kafka.log.UnifiedLog$                    : [LogLoader partition=__consumer_offsets-36, dir=C:\Users\deeph\AppData\Local\Temp\kafka-6224219049613720715\broker_0_data0] Loading producer state till offset 0 with message format version 2
2025-09-17T23:01:58.552+05:30  INFO 40888 --- [midas-core] [r-event-handler] kafka.log.LogManager                     : Created log for partition __consumer_offsets-36 in C:\Users\deeph\AppData\Local\Temp\kafka-6224219049613720715\broker_0_data0\__consumer_offsets-36 with properties {cleanup.policy=compact, compression.type="producer", segment.bytes=104857600}
2025-09-17T23:01:58.552+05:30  INFO 40888 --- [midas-core] [r-event-handler] kafka.cluster.Partition                  : [Partition __consumer_offsets-36 broker=0] No checkpointed highwatermark is found for partition __consumer_offsets-36
2025-09-17T23:01:58.552+05:30  INFO 40888 --- [midas-core] [r-event-handler] kafka.cluster.Partition                  : [Partition __consumer_offsets-36 broker=0] Log loaded for partition __consumer_offsets-36 with initial high watermark 0
2025-09-17T23:01:58.552+05:30  INFO 40888 --- [midas-core] [r-event-handler] state.change.logger                      : [Broker id=0] Leader __consumer_offsets-36 with topic id Some(z9BeaTmjSbSUXX7-cRON7A) starts at leader epoch 0 from offset 0 with partition epoch 0, high watermark 0, ISR [0], adding replicas [] and removing replicas [] . Previous leader None and previous leader epoch was -1.
2025-09-17T23:01:58.556+05:30  INFO 40888 --- [midas-core] [r-event-handler] state.change.logger                      : [Broker id=0] Creating new partition __consumer_offsets-47 with topic id z9BeaTmjSbSUXX7-cRON7A.
2025-09-17T23:01:58.565+05:30  INFO 40888 --- [midas-core] [r-event-handler] kafka.log.UnifiedLog$                    : [LogLoader partition=__consumer_offsets-47, dir=C:\Users\deeph\AppData\Local\Temp\kafka-6224219049613720715\broker_0_data0] Loading producer state till offset 0 with message format version 2
2025-09-17T23:01:58.569+05:30  INFO 40888 --- [midas-core] [r-event-handler] kafka.log.LogManager                     : Created log for partition __consumer_offsets-47 in C:\Users\deeph\AppData\Local\Temp\kafka-6224219049613720715\broker_0_data0\__consumer_offsets-47 with properties {cleanup.policy=compact, compression.type="producer", segment.bytes=104857600}
2025-09-17T23:01:58.569+05:30  INFO 40888 --- [midas-core] [r-event-handler] kafka.cluster.Partition                  : [Partition __consumer_offsets-47 broker=0] No checkpointed highwatermark is found for partition __consumer_offsets-47
2025-09-17T23:01:58.569+05:30  INFO 40888 --- [midas-core] [r-event-handler] kafka.cluster.Partition                  : [Partition __consumer_offsets-47 broker=0] Log loaded for partition __consumer_offsets-47 with initial high watermark 0
2025-09-17T23:01:58.569+05:30  INFO 40888 --- [midas-core] [r-event-handler] state.change.logger                      : [Broker id=0] Leader __consumer_offsets-47 with topic id Some(z9BeaTmjSbSUXX7-cRON7A) starts at leader epoch 0 from offset 0 with partition epoch 0, high watermark 0, ISR [0], adding replicas [] and removing replicas [] . Previous leader None and previous leader epoch was -1.
2025-09-17T23:01:58.574+05:30  INFO 40888 --- [midas-core] [r-event-handler] state.change.logger                      : [Broker id=0] Creating new partition __consumer_offsets-14 with topic id z9BeaTmjSbSUXX7-cRON7A.
2025-09-17T23:01:58.580+05:30  INFO 40888 --- [midas-core] [r-event-handler] kafka.log.UnifiedLog$                    : [LogLoader partition=__consumer_offsets-14, dir=C:\Users\deeph\AppData\Local\Temp\kafka-6224219049613720715\broker_0_data0] Loading producer state till offset 0 with message format version 2
2025-09-17T23:01:58.580+05:30  INFO 40888 --- [midas-core] [r-event-handler] kafka.log.LogManager                     : Created log for partition __consumer_offsets-14 in C:\Users\deeph\AppData\Local\Temp\kafka-6224219049613720715\broker_0_data0\__consumer_offsets-14 with properties {cleanup.policy=compact, compression.type="producer", segment.bytes=104857600}
2025-09-17T23:01:58.585+05:30  INFO 40888 --- [midas-core] [r-event-handler] kafka.cluster.Partition                  : [Partition __consumer_offsets-14 broker=0] No checkpointed highwatermark is found for partition __consumer_offsets-14
2025-09-17T23:01:58.585+05:30  INFO 40888 --- [midas-core] [r-event-handler] kafka.cluster.Partition                  : [Partition __consumer_offsets-14 broker=0] Log loaded for partition __consumer_offsets-14 with initial high watermark 0
2025-09-17T23:01:58.585+05:30  INFO 40888 --- [midas-core] [r-event-handler] state.change.logger                      : [Broker id=0] Leader __consumer_offsets-14 with topic id Some(z9BeaTmjSbSUXX7-cRON7A) starts at leader epoch 0 from offset 0 with partition epoch 0, high watermark 0, ISR [0], adding replicas [] and removing replicas [] . Previous leader None and previous leader epoch was -1.
2025-09-17T23:01:58.590+05:30  INFO 40888 --- [midas-core] [r-event-handler] state.change.logger                      : [Broker id=0] Creating new partition __consumer_offsets-43 with topic id z9BeaTmjSbSUXX7-cRON7A.
2025-09-17T23:01:58.598+05:30  INFO 40888 --- [midas-core] [r-event-handler] kafka.log.UnifiedLog$                    : [LogLoader partition=__consumer_offsets-43, dir=C:\Users\deeph\AppData\Local\Temp\kafka-6224219049613720715\broker_0_data0] Loading producer state till offset 0 with message format version 2
2025-09-17T23:01:58.600+05:30  INFO 40888 --- [midas-core] [r-event-handler] kafka.log.LogManager                     : Created log for partition __consumer_offsets-43 in C:\Users\deeph\AppData\Local\Temp\kafka-6224219049613720715\broker_0_data0\__consumer_offsets-43 with properties {cleanup.policy=compact, compression.type="producer", segment.bytes=104857600}
2025-09-17T23:01:58.600+05:30  INFO 40888 --- [midas-core] [r-event-handler] kafka.cluster.Partition                  : [Partition __consumer_offsets-43 broker=0] No checkpointed highwatermark is found for partition __consumer_offsets-43
2025-09-17T23:01:58.600+05:30  INFO 40888 --- [midas-core] [r-event-handler] kafka.cluster.Partition                  : [Partition __consumer_offsets-43 broker=0] Log loaded for partition __consumer_offsets-43 with initial high watermark 0
2025-09-17T23:01:58.600+05:30  INFO 40888 --- [midas-core] [r-event-handler] state.change.logger                      : [Broker id=0] Leader __consumer_offsets-43 with topic id Some(z9BeaTmjSbSUXX7-cRON7A) starts at leader epoch 0 from offset 0 with partition epoch 0, high watermark 0, ISR [0], adding replicas [] and removing replicas [] . Previous leader None and previous leader epoch was -1.
2025-09-17T23:01:58.606+05:30  INFO 40888 --- [midas-core] [r-event-handler] state.change.logger                      : [Broker id=0] Creating new partition __consumer_offsets-10 with topic id z9BeaTmjSbSUXX7-cRON7A.
2025-09-17T23:01:58.614+05:30  INFO 40888 --- [midas-core] [r-event-handler] kafka.log.UnifiedLog$                    : [LogLoader partition=__consumer_offsets-10, dir=C:\Users\deeph\AppData\Local\Temp\kafka-6224219049613720715\broker_0_data0] Loading producer state till offset 0 with message format version 2
2025-09-17T23:01:58.614+05:30  INFO 40888 --- [midas-core] [r-event-handler] kafka.log.LogManager                     : Created log for partition __consumer_offsets-10 in C:\Users\deeph\AppData\Local\Temp\kafka-6224219049613720715\broker_0_data0\__consumer_offsets-10 with properties {cleanup.policy=compact, compression.type="producer", segment.bytes=104857600}
2025-09-17T23:01:58.615+05:30  INFO 40888 --- [midas-core] [r-event-handler] kafka.cluster.Partition                  : [Partition __consumer_offsets-10 broker=0] No checkpointed highwatermark is found for partition __consumer_offsets-10
2025-09-17T23:01:58.615+05:30  INFO 40888 --- [midas-core] [r-event-handler] kafka.cluster.Partition                  : [Partition __consumer_offsets-10 broker=0] Log loaded for partition __consumer_offsets-10 with initial high watermark 0
2025-09-17T23:01:58.615+05:30  INFO 40888 --- [midas-core] [r-event-handler] state.change.logger                      : [Broker id=0] Leader __consumer_offsets-10 with topic id Some(z9BeaTmjSbSUXX7-cRON7A) starts at leader epoch 0 from offset 0 with partition epoch 0, high watermark 0, ISR [0], adding replicas [] and removing replicas [] . Previous leader None and previous leader epoch was -1.
2025-09-17T23:01:58.620+05:30  INFO 40888 --- [midas-core] [r-event-handler] state.change.logger                      : [Broker id=0] Creating new partition __consumer_offsets-22 with topic id z9BeaTmjSbSUXX7-cRON7A.
2025-09-17T23:01:58.622+05:30  INFO 40888 --- [midas-core] [r-event-handler] kafka.log.UnifiedLog$                    : [LogLoader partition=__consumer_offsets-22, dir=C:\Users\deeph\AppData\Local\Temp\kafka-6224219049613720715\broker_0_data0] Loading producer state till offset 0 with message format version 2
2025-09-17T23:01:58.622+05:30  INFO 40888 --- [midas-core] [r-event-handler] kafka.log.LogManager                     : Created log for partition __consumer_offsets-22 in C:\Users\deeph\AppData\Local\Temp\kafka-6224219049613720715\broker_0_data0\__consumer_offsets-22 with properties {cleanup.policy=compact, compression.type="producer", segment.bytes=104857600}
2025-09-17T23:01:58.622+05:30  INFO 40888 --- [midas-core] [r-event-handler] kafka.cluster.Partition                  : [Partition __consumer_offsets-22 broker=0] No checkpointed highwatermark is found for partition __consumer_offsets-22
2025-09-17T23:01:58.622+05:30  INFO 40888 --- [midas-core] [r-event-handler] kafka.cluster.Partition                  : [Partition __consumer_offsets-22 broker=0] Log loaded for partition __consumer_offsets-22 with initial high watermark 0
2025-09-17T23:01:58.622+05:30  INFO 40888 --- [midas-core] [r-event-handler] state.change.logger                      : [Broker id=0] Leader __consumer_offsets-22 with topic id Some(z9BeaTmjSbSUXX7-cRON7A) starts at leader epoch 0 from offset 0 with partition epoch 0, high watermark 0, ISR [0], adding replicas [] and removing replicas [] . Previous leader None and previous leader epoch was -1.
2025-09-17T23:01:58.634+05:30  INFO 40888 --- [midas-core] [r-event-handler] state.change.logger                      : [Broker id=0] Creating new partition __consumer_offsets-18 with topic id z9BeaTmjSbSUXX7-cRON7A.
2025-09-17T23:01:58.642+05:30  INFO 40888 --- [midas-core] [r-event-handler] kafka.log.UnifiedLog$                    : [LogLoader partition=__consumer_offsets-18, dir=C:\Users\deeph\AppData\Local\Temp\kafka-6224219049613720715\broker_0_data0] Loading producer state till offset 0 with message format version 2
2025-09-17T23:01:58.644+05:30  INFO 40888 --- [midas-core] [r-event-handler] kafka.log.LogManager                     : Created log for partition __consumer_offsets-18 in C:\Users\deeph\AppData\Local\Temp\kafka-6224219049613720715\broker_0_data0\__consumer_offsets-18 with properties {cleanup.policy=compact, compression.type="producer", segment.bytes=104857600}
2025-09-17T23:01:58.644+05:30  INFO 40888 --- [midas-core] [r-event-handler] kafka.cluster.Partition                  : [Partition __consumer_offsets-18 broker=0] No checkpointed highwatermark is found for partition __consumer_offsets-18
2025-09-17T23:01:58.644+05:30  INFO 40888 --- [midas-core] [r-event-handler] kafka.cluster.Partition                  : [Partition __consumer_offsets-18 broker=0] Log loaded for partition __consumer_offsets-18 with initial high watermark 0
2025-09-17T23:01:58.644+05:30  INFO 40888 --- [midas-core] [r-event-handler] state.change.logger                      : [Broker id=0] Leader __consumer_offsets-18 with topic id Some(z9BeaTmjSbSUXX7-cRON7A) starts at leader epoch 0 from offset 0 with partition epoch 0, high watermark 0, ISR [0], adding replicas [] and removing replicas [] . Previous leader None and previous leader epoch was -1.
2025-09-17T23:01:58.648+05:30  INFO 40888 --- [midas-core] [r-event-handler] state.change.logger                      : [Broker id=0] Creating new partition __consumer_offsets-31 with topic id z9BeaTmjSbSUXX7-cRON7A.
2025-09-17T23:01:58.657+05:30  INFO 40888 --- [midas-core] [r-event-handler] kafka.log.UnifiedLog$                    : [LogLoader partition=__consumer_offsets-31, dir=C:\Users\deeph\AppData\Local\Temp\kafka-6224219049613720715\broker_0_data0] Loading producer state till offset 0 with message format version 2
2025-09-17T23:01:58.657+05:30  INFO 40888 --- [midas-core] [r-event-handler] kafka.log.LogManager                     : Created log for partition __consumer_offsets-31 in C:\Users\deeph\AppData\Local\Temp\kafka-6224219049613720715\broker_0_data0\__consumer_offsets-31 with properties {cleanup.policy=compact, compression.type="producer", segment.bytes=104857600}
2025-09-17T23:01:58.657+05:30  INFO 40888 --- [midas-core] [r-event-handler] kafka.cluster.Partition                  : [Partition __consumer_offsets-31 broker=0] No checkpointed highwatermark is found for partition __consumer_offsets-31
2025-09-17T23:01:58.657+05:30  INFO 40888 --- [midas-core] [r-event-handler] kafka.cluster.Partition                  : [Partition __consumer_offsets-31 broker=0] Log loaded for partition __consumer_offsets-31 with initial high watermark 0
2025-09-17T23:01:58.657+05:30  INFO 40888 --- [midas-core] [r-event-handler] state.change.logger                      : [Broker id=0] Leader __consumer_offsets-31 with topic id Some(z9BeaTmjSbSUXX7-cRON7A) starts at leader epoch 0 from offset 0 with partition epoch 0, high watermark 0, ISR [0], adding replicas [] and removing replicas [] . Previous leader None and previous leader epoch was -1.
2025-09-17T23:01:58.661+05:30  INFO 40888 --- [midas-core] [r-event-handler] state.change.logger                      : [Broker id=0] Creating new partition __consumer_offsets-27 with topic id z9BeaTmjSbSUXX7-cRON7A.
2025-09-17T23:01:58.671+05:30  INFO 40888 --- [midas-core] [r-event-handler] kafka.log.UnifiedLog$                    : [LogLoader partition=__consumer_offsets-27, dir=C:\Users\deeph\AppData\Local\Temp\kafka-6224219049613720715\broker_0_data0] Loading producer state till offset 0 with message format version 2
2025-09-17T23:01:58.671+05:30  INFO 40888 --- [midas-core] [r-event-handler] kafka.log.LogManager                     : Created log for partition __consumer_offsets-27 in C:\Users\deeph\AppData\Local\Temp\kafka-6224219049613720715\broker_0_data0\__consumer_offsets-27 with properties {cleanup.policy=compact, compression.type="producer", segment.bytes=104857600}
2025-09-17T23:01:58.671+05:30  INFO 40888 --- [midas-core] [r-event-handler] kafka.cluster.Partition                  : [Partition __consumer_offsets-27 broker=0] No checkpointed highwatermark is found for partition __consumer_offsets-27
2025-09-17T23:01:58.671+05:30  INFO 40888 --- [midas-core] [r-event-handler] kafka.cluster.Partition                  : [Partition __consumer_offsets-27 broker=0] Log loaded for partition __consumer_offsets-27 with initial high watermark 0
2025-09-17T23:01:58.671+05:30  INFO 40888 --- [midas-core] [r-event-handler] state.change.logger                      : [Broker id=0] Leader __consumer_offsets-27 with topic id Some(z9BeaTmjSbSUXX7-cRON7A) starts at leader epoch 0 from offset 0 with partition epoch 0, high watermark 0, ISR [0], adding replicas [] and removing replicas [] . Previous leader None and previous leader epoch was -1.
2025-09-17T23:01:58.678+05:30  INFO 40888 --- [midas-core] [r-event-handler] state.change.logger                      : [Broker id=0] Creating new partition __consumer_offsets-39 with topic id z9BeaTmjSbSUXX7-cRON7A.
2025-09-17T23:01:58.688+05:30  INFO 40888 --- [midas-core] [r-event-handler] kafka.log.UnifiedLog$                    : [LogLoader partition=__consumer_offsets-39, dir=C:\Users\deeph\AppData\Local\Temp\kafka-6224219049613720715\broker_0_data0] Loading producer state till offset 0 with message format version 2
2025-09-17T23:01:58.690+05:30  INFO 40888 --- [midas-core] [r-event-handler] kafka.log.LogManager                     : Created log for partition __consumer_offsets-39 in C:\Users\deeph\AppData\Local\Temp\kafka-6224219049613720715\broker_0_data0\__consumer_offsets-39 with properties {cleanup.policy=compact, compression.type="producer", segment.bytes=104857600}
2025-09-17T23:01:58.690+05:30  INFO 40888 --- [midas-core] [r-event-handler] kafka.cluster.Partition                  : [Partition __consumer_offsets-39 broker=0] No checkpointed highwatermark is found for partition __consumer_offsets-39
2025-09-17T23:01:58.690+05:30  INFO 40888 --- [midas-core] [r-event-handler] kafka.cluster.Partition                  : [Partition __consumer_offsets-39 broker=0] Log loaded for partition __consumer_offsets-39 with initial high watermark 0
2025-09-17T23:01:58.690+05:30  INFO 40888 --- [midas-core] [r-event-handler] state.change.logger                      : [Broker id=0] Leader __consumer_offsets-39 with topic id Some(z9BeaTmjSbSUXX7-cRON7A) starts at leader epoch 0 from offset 0 with partition epoch 0, high watermark 0, ISR [0], adding replicas [] and removing replicas [] . Previous leader None and previous leader epoch was -1.
2025-09-17T23:01:58.695+05:30  INFO 40888 --- [midas-core] [r-event-handler] state.change.logger                      : [Broker id=0] Creating new partition __consumer_offsets-6 with topic id z9BeaTmjSbSUXX7-cRON7A.
2025-09-17T23:01:58.705+05:30  INFO 40888 --- [midas-core] [r-event-handler] kafka.log.UnifiedLog$                    : [LogLoader partition=__consumer_offsets-6, dir=C:\Users\deeph\AppData\Local\Temp\kafka-6224219049613720715\broker_0_data0] Loading producer state till offset 0 with message format version 2
2025-09-17T23:01:58.705+05:30  INFO 40888 --- [midas-core] [r-event-handler] kafka.log.LogManager                     : Created log for partition __consumer_offsets-6 in C:\Users\deeph\AppData\Local\Temp\kafka-6224219049613720715\broker_0_data0\__consumer_offsets-6 with properties {cleanup.policy=compact, compression.type="producer", segment.bytes=104857600}
2025-09-17T23:01:58.705+05:30  INFO 40888 --- [midas-core] [r-event-handler] kafka.cluster.Partition                  : [Partition __consumer_offsets-6 broker=0] No checkpointed highwatermark is found for partition __consumer_offsets-6
2025-09-17T23:01:58.705+05:30  INFO 40888 --- [midas-core] [r-event-handler] kafka.cluster.Partition                  : [Partition __consumer_offsets-6 broker=0] Log loaded for partition __consumer_offsets-6 with initial high watermark 0
2025-09-17T23:01:58.705+05:30  INFO 40888 --- [midas-core] [r-event-handler] state.change.logger                      : [Broker id=0] Leader __consumer_offsets-6 with topic id Some(z9BeaTmjSbSUXX7-cRON7A) starts at leader epoch 0 from offset 0 with partition epoch 0, high watermark 0, ISR [0], adding replicas [] and removing replicas [] . Previous leader None and previous leader epoch was -1.
2025-09-17T23:01:58.711+05:30  INFO 40888 --- [midas-core] [r-event-handler] state.change.logger                      : [Broker id=0] Creating new partition __consumer_offsets-35 with topic id z9BeaTmjSbSUXX7-cRON7A.
2025-09-17T23:01:58.726+05:30  INFO 40888 --- [midas-core] [r-event-handler] kafka.log.UnifiedLog$                    : [LogLoader partition=__consumer_offsets-35, dir=C:\Users\deeph\AppData\Local\Temp\kafka-6224219049613720715\broker_0_data0] Loading producer state till offset 0 with message format version 2
2025-09-17T23:01:58.727+05:30  INFO 40888 --- [midas-core] [r-event-handler] kafka.log.LogManager                     : Created log for partition __consumer_offsets-35 in C:\Users\deeph\AppData\Local\Temp\kafka-6224219049613720715\broker_0_data0\__consumer_offsets-35 with properties {cleanup.policy=compact, compression.type="producer", segment.bytes=104857600}
2025-09-17T23:01:58.727+05:30  INFO 40888 --- [midas-core] [r-event-handler] kafka.cluster.Partition                  : [Partition __consumer_offsets-35 broker=0] No checkpointed highwatermark is found for partition __consumer_offsets-35
2025-09-17T23:01:58.727+05:30  INFO 40888 --- [midas-core] [r-event-handler] kafka.cluster.Partition                  : [Partition __consumer_offsets-35 broker=0] Log loaded for partition __consumer_offsets-35 with initial high watermark 0
2025-09-17T23:01:58.727+05:30  INFO 40888 --- [midas-core] [r-event-handler] state.change.logger                      : [Broker id=0] Leader __consumer_offsets-35 with topic id Some(z9BeaTmjSbSUXX7-cRON7A) starts at leader epoch 0 from offset 0 with partition epoch 0, high watermark 0, ISR [0], adding replicas [] and removing replicas [] . Previous leader None and previous leader epoch was -1.
2025-09-17T23:01:58.735+05:30  INFO 40888 --- [midas-core] [r-event-handler] state.change.logger                      : [Broker id=0] Creating new partition __consumer_offsets-2 with topic id z9BeaTmjSbSUXX7-cRON7A.
2025-09-17T23:01:58.744+05:30  INFO 40888 --- [midas-core] [r-event-handler] kafka.log.UnifiedLog$                    : [LogLoader partition=__consumer_offsets-2, dir=C:\Users\deeph\AppData\Local\Temp\kafka-6224219049613720715\broker_0_data0] Loading producer state till offset 0 with message format version 2
2025-09-17T23:01:58.744+05:30  INFO 40888 --- [midas-core] [r-event-handler] kafka.log.LogManager                     : Created log for partition __consumer_offsets-2 in C:\Users\deeph\AppData\Local\Temp\kafka-6224219049613720715\broker_0_data0\__consumer_offsets-2 with properties {cleanup.policy=compact, compression.type="producer", segment.bytes=104857600}
2025-09-17T23:01:58.744+05:30  INFO 40888 --- [midas-core] [r-event-handler] kafka.cluster.Partition                  : [Partition __consumer_offsets-2 broker=0] No checkpointed highwatermark is found for partition __consumer_offsets-2
2025-09-17T23:01:58.744+05:30  INFO 40888 --- [midas-core] [r-event-handler] kafka.cluster.Partition                  : [Partition __consumer_offsets-2 broker=0] Log loaded for partition __consumer_offsets-2 with initial high watermark 0
2025-09-17T23:01:58.744+05:30  INFO 40888 --- [midas-core] [r-event-handler] state.change.logger                      : [Broker id=0] Leader __consumer_offsets-2 with topic id Some(z9BeaTmjSbSUXX7-cRON7A) starts at leader epoch 0 from offset 0 with partition epoch 0, high watermark 0, ISR [0], adding replicas [] and removing replicas [] . Previous leader None and previous leader epoch was -1.
2025-09-17T23:01:58.752+05:30  INFO 40888 --- [midas-core] [r-event-handler] k.coordinator.group.GroupCoordinator     : [GroupCoordinator 0]: Elected as the group coordinator for partition 13 in epoch 0
2025-09-17T23:01:58.752+05:30  INFO 40888 --- [midas-core] [r-event-handler] k.c.group.GroupMetadataManager           : [GroupMetadataManager brokerId=0] Scheduling loading of offsets and group metadata from __consumer_offsets-13 for epoch 0
2025-09-17T23:01:58.752+05:30  INFO 40888 --- [midas-core] [r-event-handler] k.coordinator.group.GroupCoordinator     : [GroupCoordinator 0]: Elected as the group coordinator for partition 46 in epoch 0
2025-09-17T23:01:58.752+05:30  INFO 40888 --- [midas-core] [r-event-handler] k.c.group.GroupMetadataManager           : [GroupMetadataManager brokerId=0] Scheduling loading of offsets and group metadata from __consumer_offsets-46 for epoch 0
2025-09-17T23:01:58.752+05:30  INFO 40888 --- [midas-core] [r-event-handler] k.coordinator.group.GroupCoordinator     : [GroupCoordinator 0]: Elected as the group coordinator for partition 9 in epoch 0
2025-09-17T23:01:58.752+05:30  INFO 40888 --- [midas-core] [r-event-handler] k.c.group.GroupMetadataManager           : [GroupMetadataManager brokerId=0] Scheduling loading of offsets and group metadata from __consumer_offsets-9 for epoch 0
2025-09-17T23:01:58.752+05:30  INFO 40888 --- [midas-core] [r-event-handler] k.coordinator.group.GroupCoordinator     : [GroupCoordinator 0]: Elected as the group coordinator for partition 42 in epoch 0
2025-09-17T23:01:58.752+05:30  INFO 40888 --- [midas-core] [r-event-handler] k.c.group.GroupMetadataManager           : [GroupMetadataManager brokerId=0] Scheduling loading of offsets and group metadata from __consumer_offsets-42 for epoch 0
2025-09-17T23:01:58.752+05:30  INFO 40888 --- [midas-core] [r-event-handler] k.coordinator.group.GroupCoordinator     : [GroupCoordinator 0]: Elected as the group coordinator for partition 21 in epoch 0
2025-09-17T23:01:58.752+05:30  INFO 40888 --- [midas-core] [r-event-handler] k.c.group.GroupMetadataManager           : [GroupMetadataManager brokerId=0] Scheduling loading of offsets and group metadata from __consumer_offsets-21 for epoch 0
2025-09-17T23:01:58.752+05:30  INFO 40888 --- [midas-core] [r-event-handler] k.coordinator.group.GroupCoordinator     : [GroupCoordinator 0]: Elected as the group coordinator for partition 17 in epoch 0
2025-09-17T23:01:58.752+05:30  INFO 40888 --- [midas-core] [r-event-handler] k.c.group.GroupMetadataManager           : [GroupMetadataManager brokerId=0] Scheduling loading of offsets and group metadata from __consumer_offsets-17 for epoch 0
2025-09-17T23:01:58.752+05:30  INFO 40888 --- [midas-core] [r-event-handler] k.coordinator.group.GroupCoordinator     : [GroupCoordinator 0]: Elected as the group coordinator for partition 30 in epoch 0
2025-09-17T23:01:58.752+05:30  INFO 40888 --- [midas-core] [r-event-handler] k.c.group.GroupMetadataManager           : [GroupMetadataManager brokerId=0] Scheduling loading of offsets and group metadata from __consumer_offsets-30 for epoch 0
2025-09-17T23:01:58.752+05:30  INFO 40888 --- [midas-core] [r-event-handler] k.coordinator.group.GroupCoordinator     : [GroupCoordinator 0]: Elected as the group coordinator for partition 26 in epoch 0
2025-09-17T23:01:58.752+05:30  INFO 40888 --- [midas-core] [r-event-handler] k.c.group.GroupMetadataManager           : [GroupMetadataManager brokerId=0] Scheduling loading of offsets and group metadata from __consumer_offsets-26 for epoch 0
2025-09-17T23:01:58.752+05:30  INFO 40888 --- [midas-core] [r-event-handler] k.coordinator.group.GroupCoordinator     : [GroupCoordinator 0]: Elected as the group coordinator for partition 5 in epoch 0
2025-09-17T23:01:58.752+05:30  INFO 40888 --- [midas-core] [r-event-handler] k.c.group.GroupMetadataManager           : [GroupMetadataManager brokerId=0] Scheduling loading of offsets and group metadata from __consumer_offsets-5 for epoch 0
2025-09-17T23:01:58.752+05:30  INFO 40888 --- [midas-core] [r-event-handler] k.coordinator.group.GroupCoordinator     : [GroupCoordinator 0]: Elected as the group coordinator for partition 38 in epoch 0
2025-09-17T23:01:58.752+05:30  INFO 40888 --- [midas-core] [r-event-handler] k.c.group.GroupMetadataManager           : [GroupMetadataManager brokerId=0] Scheduling loading of offsets and group metadata from __consumer_offsets-38 for epoch 0
2025-09-17T23:01:58.752+05:30  INFO 40888 --- [midas-core] [r-event-handler] k.coordinator.group.GroupCoordinator     : [GroupCoordinator 0]: Elected as the group coordinator for partition 1 in epoch 0
2025-09-17T23:01:58.752+05:30  INFO 40888 --- [midas-core] [r-event-handler] k.c.group.GroupMetadataManager           : [GroupMetadataManager brokerId=0] Scheduling loading of offsets and group metadata from __consumer_offsets-1 for epoch 0
2025-09-17T23:01:58.752+05:30  INFO 40888 --- [midas-core] [r-event-handler] k.coordinator.group.GroupCoordinator     : [GroupCoordinator 0]: Elected as the group coordinator for partition 34 in epoch 0
2025-09-17T23:01:58.752+05:30  INFO 40888 --- [midas-core] [r-event-handler] k.c.group.GroupMetadataManager           : [GroupMetadataManager brokerId=0] Scheduling loading of offsets and group metadata from __consumer_offsets-34 for epoch 0
2025-09-17T23:01:58.752+05:30  INFO 40888 --- [midas-core] [r-event-handler] k.coordinator.group.GroupCoordinator     : [GroupCoordinator 0]: Elected as the group coordinator for partition 16 in epoch 0
2025-09-17T23:01:58.752+05:30  INFO 40888 --- [midas-core] [r-event-handler] k.c.group.GroupMetadataManager           : [GroupMetadataManager brokerId=0] Scheduling loading of offsets and group metadata from __consumer_offsets-16 for epoch 0
2025-09-17T23:01:58.752+05:30  INFO 40888 --- [midas-core] [r-event-handler] k.coordinator.group.GroupCoordinator     : [GroupCoordinator 0]: Elected as the group coordinator for partition 45 in epoch 0
2025-09-17T23:01:58.752+05:30  INFO 40888 --- [midas-core] [r-event-handler] k.c.group.GroupMetadataManager           : [GroupMetadataManager brokerId=0] Scheduling loading of offsets and group metadata from __consumer_offsets-45 for epoch 0
2025-09-17T23:01:58.752+05:30  INFO 40888 --- [midas-core] [r-event-handler] k.coordinator.group.GroupCoordinator     : [GroupCoordinator 0]: Elected as the group coordinator for partition 12 in epoch 0
2025-09-17T23:01:58.752+05:30  INFO 40888 --- [midas-core] [r-event-handler] k.c.group.GroupMetadataManager           : [GroupMetadataManager brokerId=0] Scheduling loading of offsets and group metadata from __consumer_offsets-12 for epoch 0
2025-09-17T23:01:58.752+05:30  INFO 40888 --- [midas-core] [r-event-handler] k.coordinator.group.GroupCoordinator     : [GroupCoordinator 0]: Elected as the group coordinator for partition 41 in epoch 0
2025-09-17T23:01:58.752+05:30  INFO 40888 --- [midas-core] [r-event-handler] k.c.group.GroupMetadataManager           : [GroupMetadataManager brokerId=0] Scheduling loading of offsets and group metadata from __consumer_offsets-41 for epoch 0
2025-09-17T23:01:58.752+05:30  INFO 40888 --- [midas-core] [r-event-handler] k.coordinator.group.GroupCoordinator     : [GroupCoordinator 0]: Elected as the group coordinator for partition 24 in epoch 0
2025-09-17T23:01:58.752+05:30  INFO 40888 --- [midas-core] [r-event-handler] k.c.group.GroupMetadataManager           : [GroupMetadataManager brokerId=0] Scheduling loading of offsets and group metadata from __consumer_offsets-24 for epoch 0
2025-09-17T23:01:58.752+05:30  INFO 40888 --- [midas-core] [r-event-handler] k.coordinator.group.GroupCoordinator     : [GroupCoordinator 0]: Elected as the group coordinator for partition 20 in epoch 0
2025-09-17T23:01:58.752+05:30  INFO 40888 --- [midas-core] [r-event-handler] k.c.group.GroupMetadataManager           : [GroupMetadataManager brokerId=0] Scheduling loading of offsets and group metadata from __consumer_offsets-20 for epoch 0
2025-09-17T23:01:58.752+05:30  INFO 40888 --- [midas-core] [r-event-handler] k.coordinator.group.GroupCoordinator     : [GroupCoordinator 0]: Elected as the group coordinator for partition 49 in epoch 0
2025-09-17T23:01:58.752+05:30  INFO 40888 --- [midas-core] [r-event-handler] k.c.group.GroupMetadataManager           : [GroupMetadataManager brokerId=0] Scheduling loading of offsets and group metadata from __consumer_offsets-49 for epoch 0
2025-09-17T23:01:58.752+05:30  INFO 40888 --- [midas-core] [r-event-handler] k.coordinator.group.GroupCoordinator     : [GroupCoordinator 0]: Elected as the group coordinator for partition 0 in epoch 0
2025-09-17T23:01:58.752+05:30  INFO 40888 --- [midas-core] [r-event-handler] k.c.group.GroupMetadataManager           : [GroupMetadataManager brokerId=0] Scheduling loading of offsets and group metadata from __consumer_offsets-0 for epoch 0
2025-09-17T23:01:58.752+05:30  INFO 40888 --- [midas-core] [r-event-handler] k.coordinator.group.GroupCoordinator     : [GroupCoordinator 0]: Elected as the group coordinator for partition 29 in epoch 0
2025-09-17T23:01:58.752+05:30  INFO 40888 --- [midas-core] [r-event-handler] k.c.group.GroupMetadataManager           : [GroupMetadataManager brokerId=0] Scheduling loading of offsets and group metadata from __consumer_offsets-29 for epoch 0
2025-09-17T23:01:58.758+05:30  INFO 40888 --- [midas-core] [r-event-handler] k.coordinator.group.GroupCoordinator     : [GroupCoordinator 0]: Elected as the group coordinator for partition 25 in epoch 0
2025-09-17T23:01:58.758+05:30  INFO 40888 --- [midas-core] [r-event-handler] k.c.group.GroupMetadataManager           : [GroupMetadataManager brokerId=0] Scheduling loading of offsets and group metadata from __consumer_offsets-25 for epoch 0
2025-09-17T23:01:58.758+05:30  INFO 40888 --- [midas-core] [r-event-handler] k.coordinator.group.GroupCoordinator     : [GroupCoordinator 0]: Elected as the group coordinator for partition 8 in epoch 0
2025-09-17T23:01:58.758+05:30  INFO 40888 --- [midas-core] [r-event-handler] k.c.group.GroupMetadataManager           : [GroupMetadataManager brokerId=0] Scheduling loading of offsets and group metadata from __consumer_offsets-8 for epoch 0
2025-09-17T23:01:58.758+05:30  INFO 40888 --- [midas-core] [r-event-handler] k.coordinator.group.GroupCoordinator     : [GroupCoordinator 0]: Elected as the group coordinator for partition 37 in epoch 0
2025-09-17T23:01:58.758+05:30  INFO 40888 --- [midas-core] [r-event-handler] k.c.group.GroupMetadataManager           : [GroupMetadataManager brokerId=0] Scheduling loading of offsets and group metadata from __consumer_offsets-37 for epoch 0
2025-09-17T23:01:58.758+05:30  INFO 40888 --- [midas-core] [r-event-handler] k.coordinator.group.GroupCoordinator     : [GroupCoordinator 0]: Elected as the group coordinator for partition 4 in epoch 0
2025-09-17T23:01:58.758+05:30  INFO 40888 --- [midas-core] [r-event-handler] k.c.group.GroupMetadataManager           : [GroupMetadataManager brokerId=0] Scheduling loading of offsets and group metadata from __consumer_offsets-4 for epoch 0
2025-09-17T23:01:58.758+05:30  INFO 40888 --- [midas-core] [r-event-handler] k.coordinator.group.GroupCoordinator     : [GroupCoordinator 0]: Elected as the group coordinator for partition 33 in epoch 0
2025-09-17T23:01:58.758+05:30  INFO 40888 --- [midas-core] [r-event-handler] k.c.group.GroupMetadataManager           : [GroupMetadataManager brokerId=0] Scheduling loading of offsets and group metadata from __consumer_offsets-33 for epoch 0
2025-09-17T23:01:58.758+05:30  INFO 40888 --- [midas-core] [r-event-handler] k.coordinator.group.GroupCoordinator     : [GroupCoordinator 0]: Elected as the group coordinator for partition 15 in epoch 0
2025-09-17T23:01:58.758+05:30  INFO 40888 --- [midas-core] [r-event-handler] k.c.group.GroupMetadataManager           : [GroupMetadataManager brokerId=0] Scheduling loading of offsets and group metadata from __consumer_offsets-15 for epoch 0
2025-09-17T23:01:58.758+05:30  INFO 40888 --- [midas-core] [r-event-handler] k.coordinator.group.GroupCoordinator     : [GroupCoordinator 0]: Elected as the group coordinator for partition 48 in epoch 0
2025-09-17T23:01:58.758+05:30  INFO 40888 --- [midas-core] [r-event-handler] k.c.group.GroupMetadataManager           : [GroupMetadataManager brokerId=0] Scheduling loading of offsets and group metadata from __consumer_offsets-48 for epoch 0
2025-09-17T23:01:58.758+05:30  INFO 40888 --- [midas-core] [r-event-handler] k.coordinator.group.GroupCoordinator     : [GroupCoordinator 0]: Elected as the group coordinator for partition 11 in epoch 0
2025-09-17T23:01:58.758+05:30  INFO 40888 --- [midas-core] [r-event-handler] k.c.group.GroupMetadataManager           : [GroupMetadataManager brokerId=0] Scheduling loading of offsets and group metadata from __consumer_offsets-11 for epoch 0
2025-09-17T23:01:58.758+05:30  INFO 40888 --- [midas-core] [r-event-handler] k.coordinator.group.GroupCoordinator     : [GroupCoordinator 0]: Elected as the group coordinator for partition 44 in epoch 0
2025-09-17T23:01:58.758+05:30  INFO 40888 --- [midas-core] [r-event-handler] k.c.group.GroupMetadataManager           : [GroupMetadataManager brokerId=0] Scheduling loading of offsets and group metadata from __consumer_offsets-44 for epoch 0
2025-09-17T23:01:58.758+05:30  INFO 40888 --- [midas-core] [r-event-handler] k.coordinator.group.GroupCoordinator     : [GroupCoordinator 0]: Elected as the group coordinator for partition 23 in epoch 0
2025-09-17T23:01:58.758+05:30  INFO 40888 --- [midas-core] [r-event-handler] k.c.group.GroupMetadataManager           : [GroupMetadataManager brokerId=0] Scheduling loading of offsets and group metadata from __consumer_offsets-23 for epoch 0
2025-09-17T23:01:58.758+05:30  INFO 40888 --- [midas-core] [r-event-handler] k.coordinator.group.GroupCoordinator     : [GroupCoordinator 0]: Elected as the group coordinator for partition 19 in epoch 0
2025-09-17T23:01:58.758+05:30  INFO 40888 --- [midas-core] [r-event-handler] k.c.group.GroupMetadataManager           : [GroupMetadataManager brokerId=0] Scheduling loading of offsets and group metadata from __consumer_offsets-19 for epoch 0
2025-09-17T23:01:58.758+05:30  INFO 40888 --- [midas-core] [r-event-handler] k.coordinator.group.GroupCoordinator     : [GroupCoordinator 0]: Elected as the group coordinator for partition 32 in epoch 0
2025-09-17T23:01:58.758+05:30  INFO 40888 --- [midas-core] [r-event-handler] k.c.group.GroupMetadataManager           : [GroupMetadataManager brokerId=0] Scheduling loading of offsets and group metadata from __consumer_offsets-32 for epoch 0
2025-09-17T23:01:58.758+05:30  INFO 40888 --- [midas-core] [r-event-handler] k.coordinator.group.GroupCoordinator     : [GroupCoordinator 0]: Elected as the group coordinator for partition 28 in epoch 0
2025-09-17T23:01:58.758+05:30  INFO 40888 --- [midas-core] [r-event-handler] k.c.group.GroupMetadataManager           : [GroupMetadataManager brokerId=0] Scheduling loading of offsets and group metadata from __consumer_offsets-28 for epoch 0
2025-09-17T23:01:58.758+05:30  INFO 40888 --- [midas-core] [r-event-handler] k.coordinator.group.GroupCoordinator     : [GroupCoordinator 0]: Elected as the group coordinator for partition 7 in epoch 0
2025-09-17T23:01:58.758+05:30  INFO 40888 --- [midas-core] [r-event-handler] k.c.group.GroupMetadataManager           : [GroupMetadataManager brokerId=0] Scheduling loading of offsets and group metadata from __consumer_offsets-7 for epoch 0
2025-09-17T23:01:58.758+05:30  INFO 40888 --- [midas-core] [r-event-handler] k.coordinator.group.GroupCoordinator     : [GroupCoordinator 0]: Elected as the group coordinator for partition 40 in epoch 0
2025-09-17T23:01:58.758+05:30  INFO 40888 --- [midas-core] [r-event-handler] k.c.group.GroupMetadataManager           : [GroupMetadataManager brokerId=0] Scheduling loading of offsets and group metadata from __consumer_offsets-40 for epoch 0
2025-09-17T23:01:58.758+05:30  INFO 40888 --- [midas-core] [r-event-handler] k.coordinator.group.GroupCoordinator     : [GroupCoordinator 0]: Elected as the group coordinator for partition 3 in epoch 0
2025-09-17T23:01:58.758+05:30  INFO 40888 --- [midas-core] [r-event-handler] k.c.group.GroupMetadataManager           : [GroupMetadataManager brokerId=0] Scheduling loading of offsets and group metadata from __consumer_offsets-3 for epoch 0
2025-09-17T23:01:58.758+05:30  INFO 40888 --- [midas-core] [r-event-handler] k.coordinator.group.GroupCoordinator     : [GroupCoordinator 0]: Elected as the group coordinator for partition 36 in epoch 0
2025-09-17T23:01:58.758+05:30  INFO 40888 --- [midas-core] [r-event-handler] k.c.group.GroupMetadataManager           : [GroupMetadataManager brokerId=0] Scheduling loading of offsets and group metadata from __consumer_offsets-36 for epoch 0
2025-09-17T23:01:58.758+05:30  INFO 40888 --- [midas-core] [r-event-handler] k.coordinator.group.GroupCoordinator     : [GroupCoordinator 0]: Elected as the group coordinator for partition 47 in epoch 0
2025-09-17T23:01:58.758+05:30  INFO 40888 --- [midas-core] [r-event-handler] k.c.group.GroupMetadataManager           : [GroupMetadataManager brokerId=0] Scheduling loading of offsets and group metadata from __consumer_offsets-47 for epoch 0
2025-09-17T23:01:58.758+05:30  INFO 40888 --- [midas-core] [r-event-handler] k.coordinator.group.GroupCoordinator     : [GroupCoordinator 0]: Elected as the group coordinator for partition 14 in epoch 0
2025-09-17T23:01:58.758+05:30  INFO 40888 --- [midas-core] [r-event-handler] k.c.group.GroupMetadataManager           : [GroupMetadataManager brokerId=0] Scheduling loading of offsets and group metadata from __consumer_offsets-14 for epoch 0
2025-09-17T23:01:58.758+05:30  INFO 40888 --- [midas-core] [r-event-handler] k.coordinator.group.GroupCoordinator     : [GroupCoordinator 0]: Elected as the group coordinator for partition 43 in epoch 0
2025-09-17T23:01:58.758+05:30  INFO 40888 --- [midas-core] [r-event-handler] k.c.group.GroupMetadataManager           : [GroupMetadataManager brokerId=0] Scheduling loading of offsets and group metadata from __consumer_offsets-43 for epoch 0
2025-09-17T23:01:58.758+05:30  INFO 40888 --- [midas-core] [r-event-handler] k.coordinator.group.GroupCoordinator     : [GroupCoordinator 0]: Elected as the group coordinator for partition 10 in epoch 0
2025-09-17T23:01:58.758+05:30  INFO 40888 --- [midas-core] [r-event-handler] k.c.group.GroupMetadataManager           : [GroupMetadataManager brokerId=0] Scheduling loading of offsets and group metadata from __consumer_offsets-10 for epoch 0
2025-09-17T23:01:58.758+05:30  INFO 40888 --- [midas-core] [r-event-handler] k.coordinator.group.GroupCoordinator     : [GroupCoordinator 0]: Elected as the group coordinator for partition 22 in epoch 0
2025-09-17T23:01:58.758+05:30  INFO 40888 --- [midas-core] [r-event-handler] k.c.group.GroupMetadataManager           : [GroupMetadataManager brokerId=0] Scheduling loading of offsets and group metadata from __consumer_offsets-22 for epoch 0
2025-09-17T23:01:58.758+05:30  INFO 40888 --- [midas-core] [r-event-handler] k.coordinator.group.GroupCoordinator     : [GroupCoordinator 0]: Elected as the group coordinator for partition 18 in epoch 0
2025-09-17T23:01:58.758+05:30  INFO 40888 --- [midas-core] [r-event-handler] k.c.group.GroupMetadataManager           : [GroupMetadataManager brokerId=0] Scheduling loading of offsets and group metadata from __consumer_offsets-18 for epoch 0
2025-09-17T23:01:58.758+05:30  INFO 40888 --- [midas-core] [r-event-handler] k.coordinator.group.GroupCoordinator     : [GroupCoordinator 0]: Elected as the group coordinator for partition 31 in epoch 0
2025-09-17T23:01:58.758+05:30  INFO 40888 --- [midas-core] [r-event-handler] k.c.group.GroupMetadataManager           : [GroupMetadataManager brokerId=0] Scheduling loading of offsets and group metadata from __consumer_offsets-31 for epoch 0
2025-09-17T23:01:58.758+05:30  INFO 40888 --- [midas-core] [r-event-handler] k.coordinator.group.GroupCoordinator     : [GroupCoordinator 0]: Elected as the group coordinator for partition 27 in epoch 0
2025-09-17T23:01:58.758+05:30  INFO 40888 --- [midas-core] [r-event-handler] k.c.group.GroupMetadataManager           : [GroupMetadataManager brokerId=0] Scheduling loading of offsets and group metadata from __consumer_offsets-27 for epoch 0
2025-09-17T23:01:58.758+05:30  INFO 40888 --- [midas-core] [r-event-handler] k.coordinator.group.GroupCoordinator     : [GroupCoordinator 0]: Elected as the group coordinator for partition 39 in epoch 0
2025-09-17T23:01:58.758+05:30  INFO 40888 --- [midas-core] [r-event-handler] k.c.group.GroupMetadataManager           : [GroupMetadataManager brokerId=0] Scheduling loading of offsets and group metadata from __consumer_offsets-39 for epoch 0
2025-09-17T23:01:58.758+05:30  INFO 40888 --- [midas-core] [r-event-handler] k.coordinator.group.GroupCoordinator     : [GroupCoordinator 0]: Elected as the group coordinator for partition 6 in epoch 0
2025-09-17T23:01:58.758+05:30  INFO 40888 --- [midas-core] [r-event-handler] k.c.group.GroupMetadataManager           : [GroupMetadataManager brokerId=0] Scheduling loading of offsets and group metadata from __consumer_offsets-6 for epoch 0
2025-09-17T23:01:58.758+05:30  INFO 40888 --- [midas-core] [r-event-handler] k.coordinator.group.GroupCoordinator     : [GroupCoordinator 0]: Elected as the group coordinator for partition 35 in epoch 0
2025-09-17T23:01:58.758+05:30  INFO 40888 --- [midas-core] [r-event-handler] k.c.group.GroupMetadataManager           : [GroupMetadataManager brokerId=0] Scheduling loading of offsets and group metadata from __consumer_offsets-35 for epoch 0
2025-09-17T23:01:58.758+05:30  INFO 40888 --- [midas-core] [r-event-handler] k.coordinator.group.GroupCoordinator     : [GroupCoordinator 0]: Elected as the group coordinator for partition 2 in epoch 0
2025-09-17T23:01:58.758+05:30  INFO 40888 --- [midas-core] [r-event-handler] k.c.group.GroupMetadataManager           : [GroupMetadataManager brokerId=0] Scheduling loading of offsets and group metadata from __consumer_offsets-2 for epoch 0
2025-09-17T23:01:58.766+05:30  INFO 40888 --- [midas-core] [r-event-handler] k.s.metadata.DynamicConfigPublisher      : [DynamicConfigPublisher broker id=0] Updating topic __consumer_offsets with new configuration : compression.type -> producer,cleanup.policy -> compact,segment.bytes -> 104857600
2025-09-17T23:01:58.768+05:30  INFO 40888 --- [midas-core] [adata-manager-0] k.c.group.GroupMetadataManager           : [GroupMetadataManager brokerId=0] Finished loading offsets and group metadata from __consumer_offsets-13 in 14 milliseconds for epoch 0, of which 6 milliseconds was spent in the scheduler.
2025-09-17T23:01:58.768+05:30  INFO 40888 --- [midas-core] [adata-manager-0] k.c.group.GroupMetadataManager           : [GroupMetadataManager brokerId=0] Finished loading offsets and group metadata from __consumer_offsets-46 in 16 milliseconds for epoch 0, of which 16 milliseconds was spent in the scheduler.
2025-09-17T23:01:58.768+05:30  INFO 40888 --- [midas-core] [adata-manager-0] k.c.group.GroupMetadataManager           : [GroupMetadataManager brokerId=0] Finished loading offsets and group metadata from __consumer_offsets-9 in 16 milliseconds for epoch 0, of which 16 milliseconds was spent in the scheduler.
2025-09-17T23:01:58.768+05:30  INFO 40888 --- [midas-core] [adata-manager-0] k.c.group.GroupMetadataManager           : [GroupMetadataManager brokerId=0] Finished loading offsets and group metadata from __consumer_offsets-42 in 16 milliseconds for epoch 0, of which 16 milliseconds was spent in the scheduler.
2025-09-17T23:01:58.768+05:30  INFO 40888 --- [midas-core] [adata-manager-0] k.c.group.GroupMetadataManager           : [GroupMetadataManager brokerId=0] Finished loading offsets and group metadata from __consumer_offsets-21 in 16 milliseconds for epoch 0, of which 16 milliseconds was spent in the scheduler.
2025-09-17T23:01:58.768+05:30  INFO 40888 --- [midas-core] [adata-manager-0] k.c.group.GroupMetadataManager           : [GroupMetadataManager brokerId=0] Finished loading offsets and group metadata from __consumer_offsets-17 in 16 milliseconds for epoch 0, of which 16 milliseconds was spent in the scheduler.
2025-09-17T23:01:58.768+05:30  INFO 40888 --- [midas-core] [adata-manager-0] k.c.group.GroupMetadataManager           : [GroupMetadataManager brokerId=0] Finished loading offsets and group metadata from __consumer_offsets-30 in 16 milliseconds for epoch 0, of which 16 milliseconds was spent in the scheduler.
2025-09-17T23:01:58.771+05:30  INFO 40888 --- [midas-core] [adata-manager-0] k.c.group.GroupMetadataManager           : [GroupMetadataManager brokerId=0] Finished loading offsets and group metadata from __consumer_offsets-26 in 19 milliseconds for epoch 0, of which 16 milliseconds was spent in the scheduler.
2025-09-17T23:01:58.771+05:30  INFO 40888 --- [midas-core] [adata-manager-0] k.c.group.GroupMetadataManager           : [GroupMetadataManager brokerId=0] Finished loading offsets and group metadata from __consumer_offsets-5 in 19 milliseconds for epoch 0, of which 19 milliseconds was spent in the scheduler.
2025-09-17T23:01:58.771+05:30  INFO 40888 --- [midas-core] [adata-manager-0] k.c.group.GroupMetadataManager           : [GroupMetadataManager brokerId=0] Finished loading offsets and group metadata from __consumer_offsets-38 in 19 milliseconds for epoch 0, of which 19 milliseconds was spent in the scheduler.
2025-09-17T23:01:58.771+05:30  INFO 40888 --- [midas-core] [adata-manager-0] k.c.group.GroupMetadataManager           : [GroupMetadataManager brokerId=0] Finished loading offsets and group metadata from __consumer_offsets-1 in 19 milliseconds for epoch 0, of which 19 milliseconds was spent in the scheduler.
2025-09-17T23:01:58.771+05:30  INFO 40888 --- [midas-core] [adata-manager-0] k.c.group.GroupMetadataManager           : [GroupMetadataManager brokerId=0] Finished loading offsets and group metadata from __consumer_offsets-34 in 19 milliseconds for epoch 0, of which 19 milliseconds was spent in the scheduler.
2025-09-17T23:01:58.771+05:30  INFO 40888 --- [midas-core] [adata-manager-0] k.c.group.GroupMetadataManager           : [GroupMetadataManager brokerId=0] Finished loading offsets and group metadata from __consumer_offsets-16 in 19 milliseconds for epoch 0, of which 19 milliseconds was spent in the scheduler.
2025-09-17T23:01:58.771+05:30  INFO 40888 --- [midas-core] [adata-manager-0] k.c.group.GroupMetadataManager           : [GroupMetadataManager brokerId=0] Finished loading offsets and group metadata from __consumer_offsets-45 in 19 milliseconds for epoch 0, of which 19 milliseconds was spent in the scheduler.
2025-09-17T23:01:58.772+05:30  INFO 40888 --- [midas-core] [adata-manager-0] k.c.group.GroupMetadataManager           : [GroupMetadataManager brokerId=0] Finished loading offsets and group metadata from __consumer_offsets-12 in 20 milliseconds for epoch 0, of which 20 milliseconds was spent in the scheduler.
2025-09-17T23:01:58.772+05:30  INFO 40888 --- [midas-core] [adata-manager-0] k.c.group.GroupMetadataManager           : [GroupMetadataManager brokerId=0] Finished loading offsets and group metadata from __consumer_offsets-41 in 20 milliseconds for epoch 0, of which 20 milliseconds was spent in the scheduler.
2025-09-17T23:01:58.772+05:30  INFO 40888 --- [midas-core] [adata-manager-0] k.c.group.GroupMetadataManager           : [GroupMetadataManager brokerId=0] Finished loading offsets and group metadata from __consumer_offsets-24 in 20 milliseconds for epoch 0, of which 20 milliseconds was spent in the scheduler.
2025-09-17T23:01:58.772+05:30  INFO 40888 --- [midas-core] [adata-manager-0] k.c.group.GroupMetadataManager           : [GroupMetadataManager brokerId=0] Finished loading offsets and group metadata from __consumer_offsets-20 in 20 milliseconds for epoch 0, of which 20 milliseconds was spent in the scheduler.
2025-09-17T23:01:58.772+05:30  INFO 40888 --- [midas-core] [adata-manager-0] k.c.group.GroupMetadataManager           : [GroupMetadataManager brokerId=0] Finished loading offsets and group metadata from __consumer_offsets-49 in 20 milliseconds for epoch 0, of which 20 milliseconds was spent in the scheduler.
2025-09-17T23:01:58.772+05:30  INFO 40888 --- [midas-core] [adata-manager-0] k.c.group.GroupMetadataManager           : [GroupMetadataManager brokerId=0] Finished loading offsets and group metadata from __consumer_offsets-0 in 20 milliseconds for epoch 0, of which 20 milliseconds was spent in the scheduler.
2025-09-17T23:01:58.772+05:30  INFO 40888 --- [midas-core] [adata-manager-0] k.c.group.GroupMetadataManager           : [GroupMetadataManager brokerId=0] Finished loading offsets and group metadata from __consumer_offsets-29 in 20 milliseconds for epoch 0, of which 20 milliseconds was spent in the scheduler.
2025-09-17T23:01:58.772+05:30  INFO 40888 --- [midas-core] [adata-manager-0] k.c.group.GroupMetadataManager           : [GroupMetadataManager brokerId=0] Finished loading offsets and group metadata from __consumer_offsets-25 in 14 milliseconds for epoch 0, of which 14 milliseconds was spent in the scheduler.
2025-09-17T23:01:58.772+05:30  INFO 40888 --- [midas-core] [adata-manager-0] k.c.group.GroupMetadataManager           : [GroupMetadataManager brokerId=0] Finished loading offsets and group metadata from __consumer_offsets-8 in 14 milliseconds for epoch 0, of which 14 milliseconds was spent in the scheduler.
2025-09-17T23:01:58.772+05:30  INFO 40888 --- [midas-core] [adata-manager-0] k.c.group.GroupMetadataManager           : [GroupMetadataManager brokerId=0] Finished loading offsets and group metadata from __consumer_offsets-37 in 14 milliseconds for epoch 0, of which 14 milliseconds was spent in the scheduler.
2025-09-17T23:01:58.772+05:30  INFO 40888 --- [midas-core] [adata-manager-0] k.c.group.GroupMetadataManager           : [GroupMetadataManager brokerId=0] Finished loading offsets and group metadata from __consumer_offsets-4 in 14 milliseconds for epoch 0, of which 14 milliseconds was spent in the scheduler.
2025-09-17T23:01:58.772+05:30  INFO 40888 --- [midas-core] [adata-manager-0] k.c.group.GroupMetadataManager           : [GroupMetadataManager brokerId=0] Finished loading offsets and group metadata from __consumer_offsets-33 in 14 milliseconds for epoch 0, of which 14 milliseconds was spent in the scheduler.
2025-09-17T23:01:58.772+05:30  INFO 40888 --- [midas-core] [adata-manager-0] k.c.group.GroupMetadataManager           : [GroupMetadataManager brokerId=0] Finished loading offsets and group metadata from __consumer_offsets-15 in 14 milliseconds for epoch 0, of which 14 milliseconds was spent in the scheduler.
2025-09-17T23:01:58.772+05:30  INFO 40888 --- [midas-core] [adata-manager-0] k.c.group.GroupMetadataManager           : [GroupMetadataManager brokerId=0] Finished loading offsets and group metadata from __consumer_offsets-48 in 14 milliseconds for epoch 0, of which 14 milliseconds was spent in the scheduler.
2025-09-17T23:01:58.772+05:30  INFO 40888 --- [midas-core] [adata-manager-0] k.c.group.GroupMetadataManager           : [GroupMetadataManager brokerId=0] Finished loading offsets and group metadata from __consumer_offsets-11 in 14 milliseconds for epoch 0, of which 14 milliseconds was spent in the scheduler.
2025-09-17T23:01:58.772+05:30  INFO 40888 --- [midas-core] [adata-manager-0] k.c.group.GroupMetadataManager           : [GroupMetadataManager brokerId=0] Finished loading offsets and group metadata from __consumer_offsets-44 in 14 milliseconds for epoch 0, of which 14 milliseconds was spent in the scheduler.
2025-09-17T23:01:58.772+05:30  INFO 40888 --- [midas-core] [adata-manager-0] k.c.group.GroupMetadataManager           : [GroupMetadataManager brokerId=0] Finished loading offsets and group metadata from __consumer_offsets-23 in 14 milliseconds for epoch 0, of which 14 milliseconds was spent in the scheduler.
2025-09-17T23:01:58.772+05:30  INFO 40888 --- [midas-core] [adata-manager-0] k.c.group.GroupMetadataManager           : [GroupMetadataManager brokerId=0] Finished loading offsets and group metadata from __consumer_offsets-19 in 14 milliseconds for epoch 0, of which 14 milliseconds was spent in the scheduler.
2025-09-17T23:01:58.772+05:30  INFO 40888 --- [midas-core] [adata-manager-0] k.c.group.GroupMetadataManager           : [GroupMetadataManager brokerId=0] Finished loading offsets and group metadata from __consumer_offsets-32 in 14 milliseconds for epoch 0, of which 14 milliseconds was spent in the scheduler.
2025-09-17T23:01:58.772+05:30  INFO 40888 --- [midas-core] [adata-manager-0] k.c.group.GroupMetadataManager           : [GroupMetadataManager brokerId=0] Finished loading offsets and group metadata from __consumer_offsets-28 in 14 milliseconds for epoch 0, of which 14 milliseconds was spent in the scheduler.
2025-09-17T23:01:58.772+05:30  INFO 40888 --- [midas-core] [adata-manager-0] k.c.group.GroupMetadataManager           : [GroupMetadataManager brokerId=0] Finished loading offsets and group metadata from __consumer_offsets-7 in 14 milliseconds for epoch 0, of which 14 milliseconds was spent in the scheduler.
2025-09-17T23:01:58.772+05:30  INFO 40888 --- [midas-core] [adata-manager-0] k.c.group.GroupMetadataManager           : [GroupMetadataManager brokerId=0] Finished loading offsets and group metadata from __consumer_offsets-40 in 14 milliseconds for epoch 0, of which 14 milliseconds was spent in the scheduler.
2025-09-17T23:01:58.772+05:30  INFO 40888 --- [midas-core] [adata-manager-0] k.c.group.GroupMetadataManager           : [GroupMetadataManager brokerId=0] Finished loading offsets and group metadata from __consumer_offsets-3 in 14 milliseconds for epoch 0, of which 14 milliseconds was spent in the scheduler.
2025-09-17T23:01:58.772+05:30  INFO 40888 --- [midas-core] [adata-manager-0] k.c.group.GroupMetadataManager           : [GroupMetadataManager brokerId=0] Finished loading offsets and group metadata from __consumer_offsets-36 in 14 milliseconds for epoch 0, of which 14 milliseconds was spent in the scheduler.
2025-09-17T23:01:58.772+05:30  INFO 40888 --- [midas-core] [adata-manager-0] k.c.group.GroupMetadataManager           : [GroupMetadataManager brokerId=0] Finished loading offsets and group metadata from __consumer_offsets-47 in 14 milliseconds for epoch 0, of which 14 milliseconds was spent in the scheduler.
2025-09-17T23:01:58.772+05:30  INFO 40888 --- [midas-core] [adata-manager-0] k.c.group.GroupMetadataManager           : [GroupMetadataManager brokerId=0] Finished loading offsets and group metadata from __consumer_offsets-14 in 14 milliseconds for epoch 0, of which 14 milliseconds was spent in the scheduler.
2025-09-17T23:01:58.772+05:30  INFO 40888 --- [midas-core] [adata-manager-0] k.c.group.GroupMetadataManager           : [GroupMetadataManager brokerId=0] Finished loading offsets and group metadata from __consumer_offsets-43 in 14 milliseconds for epoch 0, of which 14 milliseconds was spent in the scheduler.
2025-09-17T23:01:58.772+05:30  INFO 40888 --- [midas-core] [adata-manager-0] k.c.group.GroupMetadataManager           : [GroupMetadataManager brokerId=0] Finished loading offsets and group metadata from __consumer_offsets-10 in 14 milliseconds for epoch 0, of which 14 milliseconds was spent in the scheduler.
2025-09-17T23:01:58.772+05:30  INFO 40888 --- [midas-core] [adata-manager-0] k.c.group.GroupMetadataManager           : [GroupMetadataManager brokerId=0] Finished loading offsets and group metadata from __consumer_offsets-22 in 14 milliseconds for epoch 0, of which 14 milliseconds was spent in the scheduler.
2025-09-17T23:01:58.772+05:30  INFO 40888 --- [midas-core] [adata-manager-0] k.c.group.GroupMetadataManager           : [GroupMetadataManager brokerId=0] Finished loading offsets and group metadata from __consumer_offsets-18 in 14 milliseconds for epoch 0, of which 14 milliseconds was spent in the scheduler.
2025-09-17T23:01:58.772+05:30  INFO 40888 --- [midas-core] [adata-manager-0] k.c.group.GroupMetadataManager           : [GroupMetadataManager brokerId=0] Finished loading offsets and group metadata from __consumer_offsets-31 in 14 milliseconds for epoch 0, of which 14 milliseconds was spent in the scheduler.
2025-09-17T23:01:58.772+05:30  INFO 40888 --- [midas-core] [adata-manager-0] k.c.group.GroupMetadataManager           : [GroupMetadataManager brokerId=0] Finished loading offsets and group metadata from __consumer_offsets-27 in 14 milliseconds for epoch 0, of which 14 milliseconds was spent in the scheduler.
2025-09-17T23:01:58.772+05:30  INFO 40888 --- [midas-core] [adata-manager-0] k.c.group.GroupMetadataManager           : [GroupMetadataManager brokerId=0] Finished loading offsets and group metadata from __consumer_offsets-39 in 14 milliseconds for epoch 0, of which 14 milliseconds was spent in the scheduler.
2025-09-17T23:01:58.772+05:30  INFO 40888 --- [midas-core] [adata-manager-0] k.c.group.GroupMetadataManager           : [GroupMetadataManager brokerId=0] Finished loading offsets and group metadata from __consumer_offsets-6 in 14 milliseconds for epoch 0, of which 14 milliseconds was spent in the scheduler.
2025-09-17T23:01:58.772+05:30  INFO 40888 --- [midas-core] [adata-manager-0] k.c.group.GroupMetadataManager           : [GroupMetadataManager brokerId=0] Finished loading offsets and group metadata from __consumer_offsets-35 in 14 milliseconds for epoch 0, of which 14 milliseconds was spent in the scheduler.
2025-09-17T23:01:58.772+05:30  INFO 40888 --- [midas-core] [adata-manager-0] k.c.group.GroupMetadataManager           : [GroupMetadataManager brokerId=0] Finished loading offsets and group metadata from __consumer_offsets-2 in 14 milliseconds for epoch 0, of which 14 milliseconds was spent in the scheduler.
2025-09-17T23:01:58.855+05:30  INFO 40888 --- [midas-core] [quest-handler-3] k.coordinator.group.GroupCoordinator     : [GroupCoordinator 0]: Dynamic member with unknown member id joins group test-group in Empty state. Created a new member id consumer-test-group-1-6aebe514-5854-4892-90e6-4f9410102798 and request the member to rejoin with this id.
2025-09-17T23:01:58.865+05:30  INFO 40888 --- [midas-core] [quest-handler-5] k.coordinator.group.GroupCoordinator     : [GroupCoordinator 0]: Preparing to rebalance group test-group in state PreparingRebalance with old generation 0 (__consumer_offsets-12) (reason: Adding new member consumer-test-group-1-6aebe514-5854-4892-90e6-4f9410102798 with group instance id None; client reason: rebalance failed due to MemberIdRequiredException)
2025-09-17T23:01:58.869+05:30  INFO 40888 --- [midas-core] [cutor-Rebalance] k.coordinator.group.GroupCoordinator     : [GroupCoordinator 0]: Stabilized group test-group generation 1 (__consumer_offsets-12) with 1 members
2025-09-17T23:01:58.891+05:30  INFO 40888 --- [midas-core] [quest-handler-4] k.coordinator.group.GroupCoordinator     : [GroupCoordinator 0]: Assignment received from leader consumer-test-group-1-6aebe514-5854-4892-90e6-4f9410102798 for group test-group for generation 1. The group has 1 members, 0 of which are static.
2025-09-17T23:01:59.047+05:30  INFO 40888 --- [midas-core] [ntainer#0-0-C-1] c.j.m.kafka.KafkaTransactionListener     : ========== TRANSACTION #1 ==========
2025-09-17T23:01:59.047+05:30  INFO 40888 --- [midas-core] [ntainer#0-0-C-1] c.j.m.kafka.KafkaTransactionListener     : Received transaction: Transaction {senderId=6, recipientId=7, amount=122.86}
2025-09-17T23:01:59.051+05:30  INFO 40888 --- [midas-core] [ntainer#0-0-C-1] c.j.m.kafka.KafkaTransactionListener     : Transaction Details - SenderId: 6, RecipientId: 7, Amount: 122.86
2025-09-17T23:01:59.051+05:30  INFO 40888 --- [midas-core] [ntainer#0-0-C-1] c.j.m.kafka.KafkaTransactionListener     : ========== TRANSACTION #2 ==========
2025-09-17T23:01:59.051+05:30  INFO 40888 --- [midas-core] [ntainer#0-0-C-1] c.j.m.kafka.KafkaTransactionListener     : Received transaction: Transaction {senderId=5, recipientId=2, amount=42.87}
2025-09-17T23:01:59.051+05:30  INFO 40888 --- [midas-core] [ntainer#0-0-C-1] c.j.m.kafka.KafkaTransactionListener     : Transaction Details - SenderId: 5, RecipientId: 2, Amount: 42.87
2025-09-17T23:01:59.051+05:30  INFO 40888 --- [midas-core] [ntainer#0-0-C-1] c.j.m.kafka.KafkaTransactionListener     : ========== TRANSACTION #3 ==========
2025-09-17T23:01:59.051+05:30  INFO 40888 --- [midas-core] [ntainer#0-0-C-1] c.j.m.kafka.KafkaTransactionListener     : Received transaction: Transaction {senderId=7, recipientId=4, amount=161.79}
2025-09-17T23:01:59.051+05:30  INFO 40888 --- [midas-core] [ntainer#0-0-C-1] c.j.m.kafka.KafkaTransactionListener     : Transaction Details - SenderId: 7, RecipientId: 4, Amount: 161.79
2025-09-17T23:01:59.051+05:30  INFO 40888 --- [midas-core] [ntainer#0-0-C-1] c.j.m.kafka.KafkaTransactionListener     : ========== TRANSACTION #4 ==========
2025-09-17T23:01:59.051+05:30  INFO 40888 --- [midas-core] [ntainer#0-0-C-1] c.j.m.kafka.KafkaTransactionListener     : Received transaction: Transaction {senderId=8, recipientId=7, amount=22.22}
2025-09-17T23:01:59.051+05:30  INFO 40888 --- [midas-core] [ntainer#0-0-C-1] c.j.m.kafka.KafkaTransactionListener     : Transaction Details - SenderId: 8, RecipientId: 7, Amount: 22.22
2025-09-17T23:01:59.052+05:30  INFO 40888 --- [midas-core] [ntainer#0-0-C-1] c.j.m.kafka.KafkaTransactionListener     : ========== TRANSACTION #5 ==========
2025-09-17T23:01:59.052+05:30  INFO 40888 --- [midas-core] [ntainer#0-0-C-1] c.j.m.kafka.KafkaTransactionListener     : Received transaction: Transaction {senderId=2, recipientId=4, amount=160.79}
2025-09-17T23:01:59.052+05:30  INFO 40888 --- [midas-core] [ntainer#0-0-C-1] c.j.m.kafka.KafkaTransactionListener     : Transaction Details - SenderId: 2, RecipientId: 4, Amount: 160.79
2025-09-17T23:01:59.052+05:30  INFO 40888 --- [midas-core] [ntainer#0-0-C-1] c.j.m.kafka.KafkaTransactionListener     : ========== TRANSACTION #6 ==========
2025-09-17T23:01:59.052+05:30  INFO 40888 --- [midas-core] [ntainer#0-0-C-1] c.j.m.kafka.KafkaTransactionListener     : Received transaction: Transaction {senderId=1, recipientId=2, amount=90.6}
2025-09-17T23:01:59.052+05:30  INFO 40888 --- [midas-core] [ntainer#0-0-C-1] c.j.m.kafka.KafkaTransactionListener     : Transaction Details - SenderId: 1, RecipientId: 2, Amount: 90.6
2025-09-17T23:01:59.052+05:30  INFO 40888 --- [midas-core] [ntainer#0-0-C-1] c.j.m.kafka.KafkaTransactionListener     : ========== TRANSACTION #7 ==========
2025-09-17T23:01:59.052+05:30  INFO 40888 --- [midas-core] [ntainer#0-0-C-1] c.j.m.kafka.KafkaTransactionListener     : Received transaction: Transaction {senderId=8, recipientId=1, amount=93.31}
2025-09-17T23:01:59.052+05:30  INFO 40888 --- [midas-core] [ntainer#0-0-C-1] c.j.m.kafka.KafkaTransactionListener     : Transaction Details - SenderId: 8, RecipientId: 1, Amount: 93.31
2025-09-17T23:01:59.052+05:30  INFO 40888 --- [midas-core] [ntainer#0-0-C-1] c.j.m.kafka.KafkaTransactionListener     : ========== TRANSACTION #8 ==========
2025-09-17T23:01:59.052+05:30  INFO 40888 --- [midas-core] [ntainer#0-0-C-1] c.j.m.kafka.KafkaTransactionListener     : Received transaction: Transaction {senderId=2, recipientId=8, amount=7.12}
2025-09-17T23:01:59.052+05:30  INFO 40888 --- [midas-core] [ntainer#0-0-C-1] c.j.m.kafka.KafkaTransactionListener     : Transaction Details - SenderId: 2, RecipientId: 8, Amount: 7.12
2025-09-17T23:01:59.052+05:30  INFO 40888 --- [midas-core] [ntainer#0-0-C-1] c.j.m.kafka.KafkaTransactionListener     : ========== TRANSACTION #9 ==========
2025-09-17T23:01:59.052+05:30  INFO 40888 --- [midas-core] [ntainer#0-0-C-1] c.j.m.kafka.KafkaTransactionListener     : Received transaction: Transaction {senderId=3, recipientId=2, amount=49.2}
2025-09-17T23:01:59.052+05:30  INFO 40888 --- [midas-core] [ntainer#0-0-C-1] c.j.m.kafka.KafkaTransactionListener     : Transaction Details - SenderId: 3, RecipientId: 2, Amount: 49.2
2025-09-17T23:01:59.052+05:30  INFO 40888 --- [midas-core] [ntainer#0-0-C-1] c.j.m.kafka.KafkaTransactionListener     : ========== TRANSACTION #10 ==========
2025-09-17T23:01:59.052+05:30  INFO 40888 --- [midas-core] [ntainer#0-0-C-1] c.j.m.kafka.KafkaTransactionListener     : Received transaction: Transaction {senderId=1, recipientId=2, amount=147.2}
2025-09-17T23:01:59.052+05:30  INFO 40888 --- [midas-core] [ntainer#0-0-C-1] c.j.m.kafka.KafkaTransactionListener     : Transaction Details - SenderId: 1, RecipientId: 2, Amount: 147.2
2025-09-17T23:01:59.052+05:30  INFO 40888 --- [midas-core] [ntainer#0-0-C-1] c.j.m.kafka.KafkaTransactionListener     : ========== TRANSACTION #11 ==========
2025-09-17T23:01:59.052+05:30  INFO 40888 --- [midas-core] [ntainer#0-0-C-1] c.j.m.kafka.KafkaTransactionListener     : Received transaction: Transaction {senderId=3, recipientId=7, amount=135.77}
2025-09-17T23:01:59.053+05:30  INFO 40888 --- [midas-core] [ntainer#0-0-C-1] c.j.m.kafka.KafkaTransactionListener     : Transaction Details - SenderId: 3, RecipientId: 7, Amount: 135.77
2025-09-17T23:01:59.053+05:30  INFO 40888 --- [midas-core] [ntainer#0-0-C-1] c.j.m.kafka.KafkaTransactionListener     : ========== TRANSACTION #12 ==========
2025-09-17T23:01:59.053+05:30  INFO 40888 --- [midas-core] [ntainer#0-0-C-1] c.j.m.kafka.KafkaTransactionListener     : Received transaction: Transaction {senderId=9, recipientId=2, amount=150.75}
2025-09-17T23:01:59.053+05:30  INFO 40888 --- [midas-core] [ntainer#0-0-C-1] c.j.m.kafka.KafkaTransactionListener     : Transaction Details - SenderId: 9, RecipientId: 2, Amount: 150.75
2025-09-17T23:01:59.053+05:30  INFO 40888 --- [midas-core] [ntainer#0-0-C-1] c.j.m.kafka.KafkaTransactionListener     : ========== TRANSACTION #13 ==========
2025-09-17T23:01:59.053+05:30  INFO 40888 --- [midas-core] [ntainer#0-0-C-1] c.j.m.kafka.KafkaTransactionListener     : Received transaction: Transaction {senderId=3, recipientId=7, amount=71.97}
2025-09-17T23:01:59.053+05:30  INFO 40888 --- [midas-core] [ntainer#0-0-C-1] c.j.m.kafka.KafkaTransactionListener     : Transaction Details - SenderId: 3, RecipientId: 7, Amount: 71.97
2025-09-17T23:01:59.053+05:30  INFO 40888 --- [midas-core] [ntainer#0-0-C-1] c.j.m.kafka.KafkaTransactionListener     : ========== TRANSACTION #14 ==========
2025-09-17T23:01:59.053+05:30  INFO 40888 --- [midas-core] [ntainer#0-0-C-1] c.j.m.kafka.KafkaTransactionListener     : Received transaction: Transaction {senderId=8, recipientId=5, amount=25.28}
2025-09-17T23:01:59.053+05:30  INFO 40888 --- [midas-core] [ntainer#0-0-C-1] c.j.m.kafka.KafkaTransactionListener     : Transaction Details - SenderId: 8, RecipientId: 5, Amount: 25.28
2025-09-17T23:01:59.053+05:30  INFO 40888 --- [midas-core] [ntainer#0-0-C-1] c.j.m.kafka.KafkaTransactionListener     : ========== TRANSACTION #15 ==========
2025-09-17T23:01:59.053+05:30  INFO 40888 --- [midas-core] [ntainer#0-0-C-1] c.j.m.kafka.KafkaTransactionListener     : Received transaction: Transaction {senderId=1, recipientId=9, amount=39.12}
2025-09-17T23:01:59.053+05:30  INFO 40888 --- [midas-core] [ntainer#0-0-C-1] c.j.m.kafka.KafkaTransactionListener     : Transaction Details - SenderId: 1, RecipientId: 9, Amount: 39.12
2025-09-17T23:01:59.054+05:30  INFO 40888 --- [midas-core] [ntainer#0-0-C-1] c.j.m.kafka.KafkaTransactionListener     : ========== TRANSACTION #16 ==========
2025-09-17T23:01:59.054+05:30  INFO 40888 --- [midas-core] [ntainer#0-0-C-1] c.j.m.kafka.KafkaTransactionListener     : Received transaction: Transaction {senderId=7, recipientId=9, amount=199.66}
2025-09-17T23:01:59.054+05:30  INFO 40888 --- [midas-core] [ntainer#0-0-C-1] c.j.m.kafka.KafkaTransactionListener     : Transaction Details - SenderId: 7, RecipientId: 9, Amount: 199.66
2025-09-17T23:01:59.054+05:30  INFO 40888 --- [midas-core] [ntainer#0-0-C-1] c.j.m.kafka.KafkaTransactionListener     : ========== TRANSACTION #17 ==========
2025-09-17T23:01:59.054+05:30  INFO 40888 --- [midas-core] [ntainer#0-0-C-1] c.j.m.kafka.KafkaTransactionListener     : Received transaction: Transaction {senderId=6, recipientId=2, amount=149.76}
2025-09-17T23:01:59.054+05:30  INFO 40888 --- [midas-core] [ntainer#0-0-C-1] c.j.m.kafka.KafkaTransactionListener     : Transaction Details - SenderId: 6, RecipientId: 2, Amount: 149.76
2025-09-17T23:01:59.054+05:30  INFO 40888 --- [midas-core] [ntainer#0-0-C-1] c.j.m.kafka.KafkaTransactionListener     : ========== TRANSACTION #18 ==========
2025-09-17T23:01:59.054+05:30  INFO 40888 --- [midas-core] [ntainer#0-0-C-1] c.j.m.kafka.KafkaTransactionListener     : Received transaction: Transaction {senderId=7, recipientId=3, amount=182.67}
2025-09-17T23:01:59.054+05:30  INFO 40888 --- [midas-core] [ntainer#0-0-C-1] c.j.m.kafka.KafkaTransactionListener     : Transaction Details - SenderId: 7, RecipientId: 3, Amount: 182.67
2025-09-17T23:01:59.054+05:30  INFO 40888 --- [midas-core] [ntainer#0-0-C-1] c.j.m.kafka.KafkaTransactionListener     : ========== TRANSACTION #19 ==========
2025-09-17T23:01:59.054+05:30  INFO 40888 --- [midas-core] [ntainer#0-0-C-1] c.j.m.kafka.KafkaTransactionListener     : Received transaction: Transaction {senderId=7, recipientId=3, amount=127.34}
2025-09-17T23:01:59.054+05:30  INFO 40888 --- [midas-core] [ntainer#0-0-C-1] c.j.m.kafka.KafkaTransactionListener     : Transaction Details - SenderId: 7, RecipientId: 3, Amount: 127.34
2025-09-17T23:01:59.055+05:30  INFO 40888 --- [midas-core] [ntainer#0-0-C-1] c.j.m.kafka.KafkaTransactionListener     : ========== TRANSACTION #20 ==========
2025-09-17T23:01:59.055+05:30  INFO 40888 --- [midas-core] [ntainer#0-0-C-1] c.j.m.kafka.KafkaTransactionListener     : Received transaction: Transaction {senderId=10, recipientId=1, amount=64.34}
2025-09-17T23:01:59.055+05:30  INFO 40888 --- [midas-core] [ntainer#0-0-C-1] c.j.m.kafka.KafkaTransactionListener     : Transaction Details - SenderId: 10, RecipientId: 1, Amount: 64.34
2025-09-17T23:01:59.056+05:30  INFO 40888 --- [midas-core] [ntainer#0-0-C-1] c.j.m.kafka.KafkaTransactionListener     : ========== TRANSACTION #21 ==========
2025-09-17T23:01:59.056+05:30  INFO 40888 --- [midas-core] [ntainer#0-0-C-1] c.j.m.kafka.KafkaTransactionListener     : Received transaction: Transaction {senderId=2, recipientId=4, amount=173.91}
2025-09-17T23:01:59.056+05:30  INFO 40888 --- [midas-core] [ntainer#0-0-C-1] c.j.m.kafka.KafkaTransactionListener     : Transaction Details - SenderId: 2, RecipientId: 4, Amount: 173.91
2025-09-17T23:01:59.056+05:30  INFO 40888 --- [midas-core] [ntainer#0-0-C-1] c.j.m.kafka.KafkaTransactionListener     : ========== TRANSACTION #22 ==========
2025-09-17T23:01:59.056+05:30  INFO 40888 --- [midas-core] [ntainer#0-0-C-1] c.j.m.kafka.KafkaTransactionListener     : Received transaction: Transaction {senderId=4, recipientId=9, amount=92.3}
2025-09-17T23:01:59.056+05:30  INFO 40888 --- [midas-core] [ntainer#0-0-C-1] c.j.m.kafka.KafkaTransactionListener     : Transaction Details - SenderId: 4, RecipientId: 9, Amount: 92.3
2025-09-17T23:02:00.650+05:30  INFO 40888 --- [midas-core] [           main] com.jpmc.midascore.TaskTwoTests          : ----------------------------------------------------------
2025-09-17T23:02:00.650+05:30  INFO 40888 --- [midas-core] [           main] com.jpmc.midascore.TaskTwoTests          : ----------------------------------------------------------
2025-09-17T23:02:00.650+05:30  INFO 40888 --- [midas-core] [           main] com.jpmc.midascore.TaskTwoTests          : ----------------------------------------------------------
2025-09-17T23:02:00.650+05:30  INFO 40888 --- [midas-core] [           main] com.jpmc.midascore.TaskTwoTests          : use your debugger to watch for incoming transactions
2025-09-17T23:02:00.650+05:30  INFO 40888 --- [midas-core] [           main] com.jpmc.midascore.TaskTwoTests          : kill this test once you find the answer
2025-09-17T23:02:20.659+05:30  INFO 40888 --- [midas-core] [           main] com.jpmc.midascore.TaskTwoTests          : ...
2025-09-17T23:02:40.668+05:30  INFO 40888 --- [midas-core] [           main] com.jpmc.midascore.TaskTwoTests          : ...
2025-09-17T23:03:00.677+05:30  INFO 40888 --- [midas-core] [           main] com.jpmc.midascore.TaskTwoTests          : ...
2025-09-17T23:03:20.687+05:30  INFO 40888 --- [midas-core] [           main] com.jpmc.midascore.TaskTwoTests          : ...
2025-09-17T23:03:40.693+05:30  INFO 40888 --- [midas-core] [           main] com.jpmc.midascore.TaskTwoTests          : ...
2025-09-17T23:04:00.701+05:30  INFO 40888 --- [midas-core] [           main] com.jpmc.midascore.TaskTwoTests          : ...
2025-09-17T23:04:20.702+05:30  INFO 40888 --- [midas-core] [           main] com.jpmc.midascore.TaskTwoTests          : ...
